Archive member included to satisfy reference by file (symbol)

.pio\build\kvpac\lib3a0\libSTM32duino LwIP.a(dns.c.o)
                              .pio/build/kvpac/libc12/STM32Ethernet_ID1787/utility/stm32_eth.c.o (dns_init)
.pio\build\kvpac\lib3a0\libSTM32duino LwIP.a(init.c.o)
                              .pio/build/kvpac/libc12/STM32Ethernet_ID1787/utility/stm32_eth.c.o (lwip_init)
.pio\build\kvpac\lib3a0\libSTM32duino LwIP.a(dhcp.c.o)
                              .pio/build/kvpac/libc12/STM32Ethernet_ID1787/utility/stm32_eth.c.o (dhcp_inform)
.pio\build\kvpac\lib3a0\libSTM32duino LwIP.a(etharp.c.o)
                              .pio\build\kvpac\lib3a0\libSTM32duino LwIP.a(dhcp.c.o) (etharp_query)
.pio\build\kvpac\lib3a0\libSTM32duino LwIP.a(ip4_addr.c.o)
                              .pio\build\kvpac\lib3a0\libSTM32duino LwIP.a(etharp.c.o) (ip4_addr_isbroadcast_u32)
.pio\build\kvpac\lib3a0\libSTM32duino LwIP.a(mem.c.o)
                              .pio\build\kvpac\lib3a0\libSTM32duino LwIP.a(init.c.o) (mem_init)
.pio\build\kvpac\lib3a0\libSTM32duino LwIP.a(memp.c.o)
                              .pio\build\kvpac\lib3a0\libSTM32duino LwIP.a(init.c.o) (memp_init)
.pio\build\kvpac\lib3a0\libSTM32duino LwIP.a(netif.c.o)
                              .pio\build\kvpac\lib3a0\libSTM32duino LwIP.a(init.c.o) (netif_init)
.pio\build\kvpac\lib3a0\libSTM32duino LwIP.a(pbuf.c.o)
                              .pio/build/kvpac/libc12/STM32Ethernet_ID1787/utility/ethernetif.c.o (pbuf_free)
.pio\build\kvpac\lib3a0\libSTM32duino LwIP.a(stats.c.o)
                              .pio\build\kvpac\lib3a0\libSTM32duino LwIP.a(init.c.o) (stats_init)
.pio\build\kvpac\lib3a0\libSTM32duino LwIP.a(tcp.c.o)
                              .pio\build\kvpac\lib3a0\libSTM32duino LwIP.a(init.c.o) (tcp_init)
.pio\build\kvpac\lib3a0\libSTM32duino LwIP.a(tcp_in.c.o)
                              .pio\build\kvpac\lib3a0\libSTM32duino LwIP.a(tcp.c.o) (tcp_input_pcb)
.pio\build\kvpac\lib3a0\libSTM32duino LwIP.a(tcp_out.c.o)
                              .pio/build/kvpac/libc12/STM32Ethernet_ID1787/EthernetClient.cpp.o (tcp_write)
.pio\build\kvpac\lib3a0\libSTM32duino LwIP.a(timeouts.c.o)
                              .pio\build\kvpac\lib3a0\libSTM32duino LwIP.a(tcp.c.o) (tcp_timer_needed)
.pio\build\kvpac\lib3a0\libSTM32duino LwIP.a(udp.c.o)
                              .pio\build\kvpac\lib3a0\libSTM32duino LwIP.a(init.c.o) (udp_init)
.pio\build\kvpac\lib3a0\libSTM32duino LwIP.a(ethernet.c.o)
                              .pio/build/kvpac/libc12/STM32Ethernet_ID1787/utility/stm32_eth.c.o (ethernet_input)
.pio\build\kvpac\lib3a0\libSTM32duino LwIP.a(def.c.o)
                              .pio\build\kvpac\lib3a0\libSTM32duino LwIP.a(dns.c.o) (lwip_htons)
.pio\build\kvpac\lib3a0\libSTM32duino LwIP.a(ip.c.o)
                              .pio\build\kvpac\lib3a0\libSTM32duino LwIP.a(dhcp.c.o) (ip_data)
.pio\build\kvpac\lib3a0\libSTM32duino LwIP.a(ip4.c.o)
                              .pio\build\kvpac\lib3a0\libSTM32duino LwIP.a(tcp.c.o) (ip4_route)
.pio\build\kvpac\lib3a0\libSTM32duino LwIP.a(ip4_frag.c.o)
                              .pio\build\kvpac\lib3a0\libSTM32duino LwIP.a(timeouts.c.o) (ip_reass_tmr)
c:/users/gastonfeng/.platformio/packages/toolchain-gccarmnoneeabi/bin/../lib/gcc/arm-none-eabi/7.2.1/thumb/v7-m\libgcc.a(_arm_addsubdf3.o)
                              .pio/build/kvpac/FrameworkArduino/Print.cpp.o (__aeabi_dsub)
c:/users/gastonfeng/.platformio/packages/toolchain-gccarmnoneeabi/bin/../lib/gcc/arm-none-eabi/7.2.1/thumb/v7-m\libgcc.a(_arm_muldivdf3.o)
                              .pio/build/kvpac/FrameworkArduino/Print.cpp.o (__aeabi_dmul)
c:/users/gastonfeng/.platformio/packages/toolchain-gccarmnoneeabi/bin/../lib/gcc/arm-none-eabi/7.2.1/thumb/v7-m\libgcc.a(_arm_cmpdf2.o)
                              .pio/build/kvpac/FrameworkArduino/Print.cpp.o (__aeabi_dcmplt)
c:/users/gastonfeng/.platformio/packages/toolchain-gccarmnoneeabi/bin/../lib/gcc/arm-none-eabi/7.2.1/thumb/v7-m\libgcc.a(_arm_unorddf2.o)
                              .pio/build/kvpac/FrameworkArduino/Print.cpp.o (__aeabi_dcmpun)
c:/users/gastonfeng/.platformio/packages/toolchain-gccarmnoneeabi/bin/../lib/gcc/arm-none-eabi/7.2.1/thumb/v7-m\libgcc.a(_arm_fixdfsi.o)
                              .pio/build/kvpac/FrameworkArduino/Print.cpp.o (__aeabi_d2iz)
c:/users/gastonfeng/.platformio/packages/toolchain-gccarmnoneeabi/bin/../lib/gcc/arm-none-eabi/7.2.1/thumb/v7-m\libgcc.a(_arm_fixunsdfsi.o)
                              .pio/build/kvpac/FrameworkArduino/Print.cpp.o (__aeabi_d2uiz)
c:/users/gastonfeng/.platformio/packages/toolchain-gccarmnoneeabi/bin/../lib/gcc/arm-none-eabi/7.2.1/thumb/v7-m\libgcc.a(_arm_truncdfsf2.o)
                              .pio/build/kvpac/FrameworkArduino/Stream.cpp.o (__aeabi_d2f)
c:/users/gastonfeng/.platformio/packages/toolchain-gccarmnoneeabi/bin/../lib/gcc/arm-none-eabi/7.2.1/thumb/v7-m\libgcc.a(_arm_addsubsf3.o)
[...]
Memory Configuration

Name             Origin             Length             Attributes
RAM              0x20000000         0x00010000         xrw
FLASH            0x08000000         0x00040000         xr
*default*        0x00000000         0xffffffff

Linker script and memory map

LOAD c:/users/gastonfeng/.platformio/packages/toolchain-gccarmnoneeabi/bin/../lib/gcc/arm-none-eabi/7.2.1/thumb/v7-m/crti.o
LOAD c:/users/gastonfeng/.platformio/packages/toolchain-gccarmnoneeabi/bin/../lib/gcc/arm-none-eabi/7.2.1/thumb/v7-m/crtbegin.o
LOAD c:/users/gastonfeng/.platformio/packages/toolchain-gccarmnoneeabi/bin/../lib/gcc/arm-none-eabi/7.2.1/../../../../arm-none-eabi/lib/thumb/v7-m/crt0.o
                0x00040000                LD_MAX_SIZE = 0x40000
                0x00010000                LD_MAX_DATA_SIZE = 0x10000
                0x00000000                LD_FLASH_OFFSET = 0x0
LOAD .pio/build/kvpac/FrameworkArduinoVariant/PeripheralPins.c.o
LOAD .pio/build/kvpac/FrameworkArduinoVariant/variant.cpp.o
LOAD .pio/build/kvpac/FrameworkArduino/HardwareSerial.cpp.o
LOAD .pio/build/kvpac/FrameworkArduino/IPAddress.cpp.o
LOAD .pio/build/kvpac/FrameworkArduino/Print.cpp.o
LOAD .pio/build/kvpac/FrameworkArduino/RingBuffer.cpp.o
LOAD .pio/build/kvpac/FrameworkArduino/Stream.cpp.o
LOAD .pio/build/kvpac/FrameworkArduino/Tone.cpp.o
LOAD .pio/build/kvpac/FrameworkArduino/USBSerial.cpp.o
LOAD .pio/build/kvpac/FrameworkArduino/WInterrupts.cpp.o
LOAD .pio/build/kvpac/FrameworkArduino/WMath.cpp.o
LOAD .pio/build/kvpac/FrameworkArduino/WSerial.cpp.o
LOAD .pio/build/kvpac/FrameworkArduino/WString.cpp.o
LOAD .pio/build/kvpac/FrameworkArduino/abi.cpp.o
LOAD .pio/build/kvpac/FrameworkArduino/avr/dtostrf.c.o
LOAD .pio/build/kvpac/FrameworkArduino/board.c.o
LOAD .pio/build/kvpac/FrameworkArduino/hooks.c.o
LOAD .pio/build/kvpac/FrameworkArduino/itoa.c.o
LOAD .pio/build/kvpac/FrameworkArduino/main.cpp.o
LOAD .pio/build/kvpac/FrameworkArduino/new.cpp.o
LOAD .pio/build/kvpac/FrameworkArduino/pins_arduino.c.o
LOAD .pio/build/kvpac/FrameworkArduino/stm32/HAL/stm32yyxx_hal.c.o
LOAD .pio/build/kvpac/FrameworkArduino/stm32/HAL/stm32yyxx_hal_adc.c.o
LOAD .pio/build/kvpac/FrameworkArduino/stm32/HAL/stm32yyxx_hal_adc_ex.c.o
LOAD .pio/build/kvpac/FrameworkArduino/stm32/HAL/stm32yyxx_hal_can.c.o
LOAD .pio/build/kvpac/FrameworkArduino/stm32/HAL/stm32yyxx_hal_cec.c.o
LOAD .pio/build/kvpac/FrameworkArduino/stm32/HAL/stm32yyxx_hal_comp.c.o
LOAD .pio/build/kvpac/FrameworkArduino/stm32/HAL/stm32yyxx_hal_comp_ex.c.o
LOAD .pio/build/kvpac/FrameworkArduino/stm32/HAL/stm32yyxx_hal_cortex.c.o
LOAD .pio/build/kvpac/FrameworkArduino/stm32/HAL/stm32yyxx_hal_crc.c.o
LOAD .pio/build/kvpac/FrameworkArduino/stm32/HAL/stm32yyxx_hal_crc_ex.c.o
LOAD .pio/build/kvpac/FrameworkArduino/stm32/HAL/stm32yyxx_hal_cryp.c.o
LOAD .pio/build/kvpac/FrameworkArduino/stm32/HAL/stm32yyxx_hal_cryp_ex.c.o
LOAD .pio/build/kvpac/FrameworkArduino/stm32/HAL/stm32yyxx_hal_dac.c.o
LOAD .pio/build/kvpac/FrameworkArduino/stm32/HAL/stm32yyxx_hal_dac_ex.c.o
LOAD .pio/build/kvpac/FrameworkArduino/stm32/HAL/stm32yyxx_hal_dcmi.c.o
LOAD .pio/build/kvpac/FrameworkArduino/stm32/HAL/stm32yyxx_hal_dcmi_ex.c.o
LOAD .pio/build/kvpac/FrameworkArduino/stm32/HAL/stm32yyxx_hal_dfsdm.c.o
LOAD .pio/build/kvpac/FrameworkArduino/stm32/HAL/stm32yyxx_hal_dfsdm_ex.c.o
LOAD .pio/build/kvpac/FrameworkArduino/stm32/HAL/stm32yyxx_hal_dma.c.o
LOAD .pio/build/kvpac/FrameworkArduino/stm32/HAL/stm32yyxx_hal_dma2d.c.o
LOAD .pio/build/kvpac/FrameworkArduino/stm32/HAL/stm32yyxx_hal_dma_ex.c.o
LOAD .pio/build/kvpac/FrameworkArduino/stm32/HAL/stm32yyxx_hal_dsi.c.o
LOAD .pio/build/kvpac/FrameworkArduino/stm32/HAL/stm32yyxx_hal_eth.c.o
LOAD .pio/build/kvpac/FrameworkArduino/stm32/HAL/stm32yyxx_hal_eth_ex.c.o
LOAD .pio/build/kvpac/FrameworkArduino/stm32/HAL/stm32yyxx_hal_exti.c.o
LOAD .pio/build/kvpac/FrameworkArduino/stm32/HAL/stm32yyxx_hal_fdcan.c.o
LOAD .pio/build/kvpac/FrameworkArduino/stm32/HAL/stm32yyxx_hal_firewall.c.o
LOAD .pio/build/kvpac/FrameworkArduino/stm32/HAL/stm32yyxx_hal_flash.c.o
LOAD .pio/build/kvpac/FrameworkArduino/stm32/HAL/stm32yyxx_hal_flash_ex.c.o
LOAD .pio/build/kvpac/FrameworkArduino/stm32/HAL/stm32yyxx_hal_flash_ramfunc.c.o
LOAD .pio/build/kvpac/FrameworkArduino/stm32/HAL/stm32yyxx_hal_fmpi2c.c.o
LOAD .pio/build/kvpac/FrameworkArduino/stm32/HAL/stm32yyxx_hal_fmpi2c_ex.c.o
LOAD .pio/build/kvpac/FrameworkArduino/stm32/HAL/stm32yyxx_hal_gfxmmu.c.o
LOAD .pio/build/kvpac/FrameworkArduino/stm32/HAL/stm32yyxx_hal_gpio.c.o
LOAD .pio/build/kvpac/FrameworkArduino/stm32/HAL/stm32yyxx_hal_gpio_ex.c.o
LOAD .pio/build/kvpac/FrameworkArduino/stm32/HAL/stm32yyxx_hal_hash.c.o
LOAD .pio/build/kvpac/FrameworkArduino/stm32/HAL/stm32yyxx_hal_hash_ex.c.o
LOAD .pio/build/kvpac/FrameworkArduino/stm32/HAL/stm32yyxx_hal_hcd.c.o
LOAD .pio/build/kvpac/FrameworkArduino/stm32/HAL/stm32yyxx_hal_hrtim.c.o
LOAD .pio/build/kvpac/FrameworkArduino/stm32/HAL/stm32yyxx_hal_hsem.c.o
LOAD .pio/build/kvpac/FrameworkArduino/stm32/HAL/stm32yyxx_hal_i2c.c.o
LOAD .pio/build/kvpac/FrameworkArduino/stm32/HAL/stm32yyxx_hal_i2c_ex.c.o
LOAD .pio/build/kvpac/FrameworkArduino/stm32/HAL/stm32yyxx_hal_i2s.c.o
LOAD .pio/build/kvpac/FrameworkArduino/stm32/HAL/stm32yyxx_hal_i2s_ex.c.o
LOAD .pio/build/kvpac/FrameworkArduino/stm32/HAL/stm32yyxx_hal_ipcc.c.o
LOAD .pio/build/kvpac/FrameworkArduino/stm32/HAL/stm32yyxx_hal_irda.c.o
LOAD .pio/build/kvpac/FrameworkArduino/stm32/HAL/stm32yyxx_hal_iwdg.c.o
LOAD .pio/build/kvpac/FrameworkArduino/stm32/HAL/stm32yyxx_hal_jpeg.c.o
LOAD .pio/build/kvpac/FrameworkArduino/stm32/HAL/stm32yyxx_hal_lcd.c.o
LOAD .pio/build/kvpac/FrameworkArduino/stm32/HAL/stm32yyxx_hal_lptim.c.o
LOAD .pio/build/kvpac/FrameworkArduino/stm32/HAL/stm32yyxx_hal_ltdc.c.o
LOAD .pio/build/kvpac/FrameworkArduino/stm32/HAL/stm32yyxx_hal_ltdc_ex.c.o
LOAD .pio/build/kvpac/FrameworkArduino/stm32/HAL/stm32yyxx_hal_mdios.c.o
LOAD .pio/build/kvpac/FrameworkArduino/stm32/HAL/stm32yyxx_hal_mdma.c.o
LOAD .pio/build/kvpac/FrameworkArduino/stm32/HAL/stm32yyxx_hal_mmc.c.o
LOAD .pio/build/kvpac/FrameworkArduino/stm32/HAL/stm32yyxx_hal_mmc_ex.c.o
LOAD .pio/build/kvpac/FrameworkArduino/stm32/HAL/stm32yyxx_hal_msp_template.c.o
LOAD .pio/build/kvpac/FrameworkArduino/stm32/HAL/stm32yyxx_hal_nand.c.o
LOAD .pio/build/kvpac/FrameworkArduino/stm32/HAL/stm32yyxx_hal_nor.c.o
LOAD .pio/build/kvpac/FrameworkArduino/stm32/HAL/stm32yyxx_hal_opamp.c.o
LOAD .pio/build/kvpac/FrameworkArduino/stm32/HAL/stm32yyxx_hal_opamp_ex.c.o
LOAD .pio/build/kvpac/FrameworkArduino/stm32/HAL/stm32yyxx_hal_ospi.c.o
LOAD .pio/build/kvpac/FrameworkArduino/stm32/HAL/stm32yyxx_hal_pccard.c.o
LOAD .pio/build/kvpac/FrameworkArduino/stm32/HAL/stm32yyxx_hal_pcd.c.o
LOAD .pio/build/kvpac/FrameworkArduino/stm32/HAL/stm32yyxx_hal_pcd_ex.c.o
LOAD .pio/build/kvpac/FrameworkArduino/stm32/HAL/stm32yyxx_hal_pka.c.o
LOAD .pio/build/kvpac/FrameworkArduino/stm32/HAL/stm32yyxx_hal_pwr.c.o
LOAD .pio/build/kvpac/FrameworkArduino/stm32/HAL/stm32yyxx_hal_pwr_ex.c.o
LOAD .pio/build/kvpac/FrameworkArduino/stm32/HAL/stm32yyxx_hal_qspi.c.o
LOAD .pio/build/kvpac/FrameworkArduino/stm32/HAL/stm32yyxx_hal_ramecc.c.o
LOAD .pio/build/kvpac/FrameworkArduino/stm32/HAL/stm32yyxx_hal_rcc.c.o
LOAD .pio/build/kvpac/FrameworkArduino/stm32/HAL/stm32yyxx_hal_rcc_ex.c.o
LOAD .pio/build/kvpac/FrameworkArduino/stm32/HAL/stm32yyxx_hal_rng.c.o
LOAD .pio/build/kvpac/FrameworkArduino/stm32/HAL/stm32yyxx_hal_rtc.c.o
LOAD .pio/build/kvpac/FrameworkArduino/stm32/HAL/stm32yyxx_hal_rtc_ex.c.o
LOAD .pio/build/kvpac/FrameworkArduino/stm32/HAL/stm32yyxx_hal_sai.c.o
LOAD .pio/build/kvpac/FrameworkArduino/stm32/HAL/stm32yyxx_hal_sai_ex.c.o
LOAD .pio/build/kvpac/FrameworkArduino/stm32/HAL/stm32yyxx_hal_sd.c.o
LOAD .pio/build/kvpac/FrameworkArduino/stm32/HAL/stm32yyxx_hal_sd_ex.c.o
LOAD .pio/build/kvpac/FrameworkArduino/stm32/HAL/stm32yyxx_hal_sdadc.c.o
LOAD .pio/build/kvpac/FrameworkArduino/stm32/HAL/stm32yyxx_hal_sdram.c.o
LOAD .pio/build/kvpac/FrameworkArduino/stm32/HAL/stm32yyxx_hal_smartcard.c.o
LOAD .pio/build/kvpac/FrameworkArduino/stm32/HAL/stm32yyxx_hal_smartcard_ex.c.o
LOAD .pio/build/kvpac/FrameworkArduino/stm32/HAL/stm32yyxx_hal_smbus.c.o
LOAD .pio/build/kvpac/FrameworkArduino/stm32/HAL/stm32yyxx_hal_spdifrx.c.o
LOAD .pio/build/kvpac/FrameworkArduino/stm32/HAL/stm32yyxx_hal_spi.c.o
LOAD .pio/build/kvpac/FrameworkArduino/stm32/HAL/stm32yyxx_hal_spi_ex.c.o
LOAD .pio/build/kvpac/FrameworkArduino/stm32/HAL/stm32yyxx_hal_sram.c.o
LOAD .pio/build/kvpac/FrameworkArduino/stm32/HAL/stm32yyxx_hal_swpmi.c.o
LOAD .pio/build/kvpac/FrameworkArduino/stm32/HAL/stm32yyxx_hal_tim.c.o
LOAD .pio/build/kvpac/FrameworkArduino/stm32/HAL/stm32yyxx_hal_tim_ex.c.o
LOAD .pio/build/kvpac/FrameworkArduino/stm32/HAL/stm32yyxx_hal_timebase_rtc_alarm_template.c.o
LOAD .pio/build/kvpac/FrameworkArduino/stm32/HAL/stm32yyxx_hal_timebase_rtc_wakeup_template.c.o
LOAD .pio/build/kvpac/FrameworkArduino/stm32/HAL/stm32yyxx_hal_timebase_tim_template.c.o
LOAD .pio/build/kvpac/FrameworkArduino/stm32/HAL/stm32yyxx_hal_tsc.c.o
LOAD .pio/build/kvpac/FrameworkArduino/stm32/HAL/stm32yyxx_hal_uart.c.o
LOAD .pio/build/kvpac/FrameworkArduino/stm32/HAL/stm32yyxx_hal_uart_ex.c.o
LOAD .pio/build/kvpac/FrameworkArduino/stm32/HAL/stm32yyxx_hal_usart.c.o
LOAD .pio/build/kvpac/FrameworkArduino/stm32/HAL/stm32yyxx_hal_usart_ex.c.o
LOAD .pio/build/kvpac/FrameworkArduino/stm32/HAL/stm32yyxx_hal_wwdg.c.o
LOAD .pio/build/kvpac/FrameworkArduino/stm32/LL/stm32yyxx_ll_adc.c.o
LOAD .pio/build/kvpac/FrameworkArduino/stm32/LL/stm32yyxx_ll_bdma.c.o
LOAD .pio/build/kvpac/FrameworkArduino/stm32/LL/stm32yyxx_ll_comp.c.o
LOAD .pio/build/kvpac/FrameworkArduino/stm32/LL/stm32yyxx_ll_crc.c.o
LOAD .pio/build/kvpac/FrameworkArduino/stm32/LL/stm32yyxx_ll_crs.c.o
LOAD .pio/build/kvpac/FrameworkArduino/stm32/LL/stm32yyxx_ll_dac.c.o
LOAD .pio/build/kvpac/FrameworkArduino/stm32/LL/stm32yyxx_ll_delayblock.c.o
LOAD .pio/build/kvpac/FrameworkArduino/stm32/LL/stm32yyxx_ll_dma.c.o
LOAD .pio/build/kvpac/FrameworkArduino/stm32/LL/stm32yyxx_ll_dma2d.c.o
LOAD .pio/build/kvpac/FrameworkArduino/stm32/LL/stm32yyxx_ll_exti.c.o
LOAD .pio/build/kvpac/FrameworkArduino/stm32/LL/stm32yyxx_ll_fmc.c.o
LOAD .pio/build/kvpac/FrameworkArduino/stm32/LL/stm32yyxx_ll_fsmc.c.o
LOAD .pio/build/kvpac/FrameworkArduino/stm32/LL/stm32yyxx_ll_gpio.c.o
LOAD .pio/build/kvpac/FrameworkArduino/stm32/LL/stm32yyxx_ll_hrtim.c.o
LOAD .pio/build/kvpac/FrameworkArduino/stm32/LL/stm32yyxx_ll_i2c.c.o
LOAD .pio/build/kvpac/FrameworkArduino/stm32/LL/stm32yyxx_ll_lptim.c.o
LOAD .pio/build/kvpac/FrameworkArduino/stm32/LL/stm32yyxx_ll_lpuart.c.o
LOAD .pio/build/kvpac/FrameworkArduino/stm32/LL/stm32yyxx_ll_mdma.c.o
LOAD .pio/build/kvpac/FrameworkArduino/stm32/LL/stm32yyxx_ll_opamp.c.o
LOAD .pio/build/kvpac/FrameworkArduino/stm32/LL/stm32yyxx_ll_pka.c.o
LOAD .pio/build/kvpac/FrameworkArduino/stm32/LL/stm32yyxx_ll_pwr.c.o
LOAD .pio/build/kvpac/FrameworkArduino/stm32/LL/stm32yyxx_ll_rcc.c.o
LOAD .pio/build/kvpac/FrameworkArduino/stm32/LL/stm32yyxx_ll_rng.c.o
LOAD .pio/build/kvpac/FrameworkArduino/stm32/LL/stm32yyxx_ll_rtc.c.o
LOAD .pio/build/kvpac/FrameworkArduino/stm32/LL/stm32yyxx_ll_sdmmc.c.o
LOAD .pio/build/kvpac/FrameworkArduino/stm32/LL/stm32yyxx_ll_spi.c.o
LOAD .pio/build/kvpac/FrameworkArduino/stm32/LL/stm32yyxx_ll_swpmi.c.o
LOAD .pio/build/kvpac/FrameworkArduino/stm32/LL/stm32yyxx_ll_tim.c.o
LOAD .pio/build/kvpac/FrameworkArduino/stm32/LL/stm32yyxx_ll_ucpd.c.o
LOAD .pio/build/kvpac/FrameworkArduino/stm32/LL/stm32yyxx_ll_usart.c.o
LOAD .pio/build/kvpac/FrameworkArduino/stm32/LL/stm32yyxx_ll_usb.c.o
LOAD .pio/build/kvpac/FrameworkArduino/stm32/LL/stm32yyxx_ll_utils.c.o
LOAD .pio/build/kvpac/FrameworkArduino/stm32/PortNames.c.o
LOAD .pio/build/kvpac/FrameworkArduino/stm32/analog.c.o
LOAD .pio/build/kvpac/FrameworkArduino/stm32/bootloader.c.o
LOAD .pio/build/kvpac/FrameworkArduino/stm32/clock.c.o
LOAD .pio/build/kvpac/FrameworkArduino/stm32/core_callback.c.o
LOAD .pio/build/kvpac/FrameworkArduino/stm32/dwt.c.o
LOAD .pio/build/kvpac/FrameworkArduino/stm32/hw_config.c.o
LOAD .pio/build/kvpac/FrameworkArduino/stm32/interrupt.cpp.o
LOAD .pio/build/kvpac/FrameworkArduino/stm32/low_power.c.o
LOAD .pio/build/kvpac/FrameworkArduino/stm32/pinmap.c.o
LOAD .pio/build/kvpac/FrameworkArduino/stm32/rtc.c.o
LOAD .pio/build/kvpac/FrameworkArduino/stm32/spi_com.c.o
LOAD .pio/build/kvpac/FrameworkArduino/stm32/startup_stm32yyxx.S.o
LOAD .pio/build/kvpac/FrameworkArduino/stm32/stm32_def.c.o
LOAD .pio/build/kvpac/FrameworkArduino/stm32/stm32_eeprom.c.o
LOAD .pio/build/kvpac/FrameworkArduino/stm32/system_stm32yyxx.c.o
LOAD .pio/build/kvpac/FrameworkArduino/stm32/timer.c.o
LOAD .pio/build/kvpac/FrameworkArduino/stm32/twi.c.o
LOAD .pio/build/kvpac/FrameworkArduino/stm32/uart.c.o
LOAD .pio/build/kvpac/FrameworkArduino/stm32/usb/cdc/cdc_queue.c.o
LOAD .pio/build/kvpac/FrameworkArduino/stm32/usb/cdc/usbd_cdc.c.o
LOAD .pio/build/kvpac/FrameworkArduino/stm32/usb/cdc/usbd_cdc_if.c.o
LOAD .pio/build/kvpac/FrameworkArduino/stm32/usb/hid/usbd_hid_composite.c.o
LOAD .pio/build/kvpac/FrameworkArduino/stm32/usb/hid/usbd_hid_composite_if.c.o
LOAD .pio/build/kvpac/FrameworkArduino/stm32/usb/usb_device_core.c.o
LOAD .pio/build/kvpac/FrameworkArduino/stm32/usb/usb_device_ctlreq.c.o
LOAD .pio/build/kvpac/FrameworkArduino/stm32/usb/usb_device_ioreq.c.o
LOAD .pio/build/kvpac/FrameworkArduino/stm32/usb/usbd_conf.c.o
LOAD .pio/build/kvpac/FrameworkArduino/stm32/usb/usbd_desc.c.o
LOAD .pio/build/kvpac/FrameworkArduino/stm32/usb/usbd_if.c.o
LOAD .pio/build/kvpac/FrameworkArduino/syscalls.c.o
LOAD .pio/build/kvpac/FrameworkArduino/wiring_analog.c.o
LOAD .pio/build/kvpac/FrameworkArduino/wiring_digital.c.o
LOAD .pio/build/kvpac/FrameworkArduino/wiring_pulse.cpp.o
LOAD .pio/build/kvpac/FrameworkArduino/wiring_shift.c.o
LOAD .pio/build/kvpac/FrameworkArduino/wiring_time.c.o
LOAD .pio/build/kvpac/libc12/STM32Ethernet_ID1787/Dhcp.cpp.o
LOAD .pio/build/kvpac/libc12/STM32Ethernet_ID1787/Dns.cpp.o
LOAD .pio/build/kvpac/libc12/STM32Ethernet_ID1787/EthernetClient.cpp.o
LOAD .pio/build/kvpac/libc12/STM32Ethernet_ID1787/EthernetServer.cpp.o
LOAD .pio/build/kvpac/libc12/STM32Ethernet_ID1787/EthernetUdp.cpp.o
LOAD .pio/build/kvpac/libc12/STM32Ethernet_ID1787/STM32Ethernet.cpp.o
LOAD .pio/build/kvpac/libc12/STM32Ethernet_ID1787/utility/ethernetif.c.o
LOAD .pio/build/kvpac/libc12/STM32Ethernet_ID1787/utility/smi.c.o
LOAD .pio/build/kvpac/libc12/STM32Ethernet_ID1787/utility/stm32_eth.c.o
LOAD .pio/build/kvpac/src/WebServer.cpp.o
LOAD .pio/build/kvpac/src/config.c.o
LOAD .pio/build/kvpac/src/fsdata.c.o
LOAD .pio/build/kvpac/src/main.cpp.o
LOAD .pio/build/kvpac/src/program0.c.o
LOAD .pio/build/kvpac/src/resource1.c.o
START GROUP
LOAD .pio\build\kvpac\lib3a0\libSTM32duino LwIP.a
LOAD .pio\build\kvpac\lib223\libiec_types.a
LOAD C:\Users\gastonfeng\.platformio\packages\framework-arduinoststm32@src-5f924c845b623c242a348ebb9a526f36\CMSIS\CMSIS\DSP\Lib\GCC\libarm_cortexM3l_math.a
LOAD c:/users/gastonfeng/.platformio/packages/toolchain-gccarmnoneeabi/bin/../lib/gcc/arm-none-eabi/7.2.1/thumb/v7-m\libgcc.a
LOAD c:/users/gastonfeng/.platformio/packages/toolchain-gccarmnoneeabi/bin/../lib/gcc/arm-none-eabi/7.2.1/../../../../arm-none-eabi/lib/thumb/v7-m\libstdc++_nano.a
END GROUP
LOAD c:/users/gastonfeng/.platformio/packages/toolchain-gccarmnoneeabi/bin/../lib/gcc/arm-none-eabi/7.2.1/../../../../arm-none-eabi/lib/thumb/v7-m\libstdc++_nano.a
LOAD c:/users/gastonfeng/.platformio/packages/toolchain-gccarmnoneeabi/bin/../lib/gcc/arm-none-eabi/7.2.1/../../../../arm-none-eabi/lib/thumb/v7-m\libm.a
LOAD c:/users/gastonfeng/.platformio/packages/toolchain-gccarmnoneeabi/bin/../lib/gcc/arm-none-eabi/7.2.1/../../../../arm-none-eabi/lib/thumb/v7-m\libc_nano.a
START GROUP
LOAD c:/users/gastonfeng/.platformio/packages/toolchain-gccarmnoneeabi/bin/../lib/gcc/arm-none-eabi/7.2.1/thumb/v7-m\libgcc.a
LOAD c:/users/gastonfeng/.platformio/packages/toolchain-gccarmnoneeabi/bin/../lib/gcc/arm-none-eabi/7.2.1/../../../../arm-none-eabi/lib/thumb/v7-m\libc_nano.a
END GROUP
START GROUP
LOAD c:/users/gastonfeng/.platformio/packages/toolchain-gccarmnoneeabi/bin/../lib/gcc/arm-none-eabi/7.2.1/thumb/v7-m\libgcc.a
LOAD c:/users/gastonfeng/.platformio/packages/toolchain-gccarmnoneeabi/bin/../lib/gcc/arm-none-eabi/7.2.1/../../../../arm-none-eabi/lib/thumb/v7-m\libc_nano.a
END GROUP
LOAD c:/users/gastonfeng/.platformio/packages/toolchain-gccarmnoneeabi/bin/../lib/gcc/arm-none-eabi/7.2.1/thumb/v7-m/crtend.o
LOAD c:/users/gastonfeng/.platformio/packages/toolchain-gccarmnoneeabi/bin/../lib/gcc/arm-none-eabi/7.2.1/thumb/v7-m/crtn.o
                0x20008000                _estack = 0x20008000
                0x00002000                _Min_Heap_Size = 0x2000
                0x00001000                _Min_Stack_Size = 0x1000

.isr_vector     0x08000000      0x1e4
                0x08000000                . = ALIGN (0x4)
 *(.isr_vector)
 .isr_vector    0x08000000      0x1e4 .pio/build/kvpac/FrameworkArduino/stm32/startup_stm32yyxx.S.o
                0x08000000                g_pfnVectors
                0x080001e4                . = ALIGN (0x4)

.text           0x080001e4     0xcb1c
                0x080001e4                . = ALIGN (0x4)
 *(.text)
 .text          0x080001e4       0x40 c:/users/gastonfeng/.platformio/packages/toolchain-gccarmnoneeabi/bin/../lib/gcc/arm-none-eabi/7.2.1/thumb/v7-m/crtbegin.o
 .text          0x08000224       0x30 c:/users/gastonfeng/.platformio/packages/toolchain-gccarmnoneeabi/bin/../lib/gcc/arm-none-eabi/7.2.1/thumb/v7-m\libgcc.a(_aeabi_uldivmod.o)
                0x08000224                __aeabi_uldivmod
 .text          0x08000254      0x2d0 c:/users/gastonfeng/.platformio/packages/toolchain-gccarmnoneeabi/bin/../lib/gcc/arm-none-eabi/7.2.1/thumb/v7-m\libgcc.a(_udivmoddi4.o)
                0x08000254                __udivmoddi4
 .text          0x08000524        0x4 c:/users/gastonfeng/.platformio/packages/toolchain-gccarmnoneeabi/bin/../lib/gcc/arm-none-eabi/7.2.1/thumb/v7-m\libgcc.a(_dvmd_tls.o)
                0x08000524                __aeabi_idiv0
                0x08000524                __aeabi_ldiv0
 .text          0x08000528       0x10 c:/users/gastonfeng/.platformio/packages/toolchain-gccarmnoneeabi/bin/../lib/gcc/arm-none-eabi/7.2.1/../../../../arm-none-eabi/lib/thumb/v7-m\libc_nano.a(lib_a-strlen.o)
                0x08000528                strlen
 *(.text*)
 .text.SystemClock_Config
                0x08000538       0x9c .pio/build/kvpac/FrameworkArduinoVariant/variant.cpp.o
                0x08000538                SystemClock_Config
 .text._ZN14HardwareSerial16_tx_complete_irqEP8serial_s
                0x080005d4       0x22 .pio/build/kvpac/FrameworkArduino/HardwareSerial.cpp.o
                0x080005d4                HardwareSerial::_tx_complete_irq(serial_s*)
 .text._ZN14HardwareSerial9availableEv
                0x080005f6       0x10 .pio/build/kvpac/FrameworkArduino/HardwareSerial.cpp.o
                0x080005f6                HardwareSerial::available()
 .text._ZN14HardwareSerial4peekEv
                0x08000606       0x18 .pio/build/kvpac/FrameworkArduino/HardwareSerial.cpp.o
                0x08000606                HardwareSerial::peek()
 .text._ZN14HardwareSerial4readEv
                0x0800061e       0x26 .pio/build/kvpac/FrameworkArduino/HardwareSerial.cpp.o
                0x0800061e                HardwareSerial::read()
 .text._ZN14HardwareSerial16_rx_complete_irqEP8serial_s
                0x08000644       0x38 .pio/build/kvpac/FrameworkArduino/HardwareSerial.cpp.o
                0x08000644                HardwareSerial::_rx_complete_irq(serial_s*)
 .text._ZN14HardwareSerial5writeEh
                0x0800067c       0x40 .pio/build/kvpac/FrameworkArduino/HardwareSerial.cpp.o
                0x0800067c                HardwareSerial::write(unsigned char)
 .text._ZN14HardwareSerial5flushEv
                0x080006bc       0x12 .pio/build/kvpac/FrameworkArduino/HardwareSerial.cpp.o
                0x080006bc                HardwareSerial::flush()
 .text._ZN14HardwareSerial4initEv
                0x080006ce       0x1c .pio/build/kvpac/FrameworkArduino/HardwareSerial.cpp.o
                0x080006ce                HardwareSerial::init()
 *fill*         0x080006ea        0x2 
 .text._ZN14HardwareSerialC2EPv
                0x080006ec       0x60 .pio/build/kvpac/FrameworkArduino/HardwareSerial.cpp.o
                0x080006ec                HardwareSerial::HardwareSerial(void*)
                0x080006ec                HardwareSerial::HardwareSerial(void*)
 .text._ZN14HardwareSerial5beginEmh
                0x0800074c       0x94 .pio/build/kvpac/FrameworkArduino/HardwareSerial.cpp.o
                0x0800074c                HardwareSerial::begin(unsigned long, unsigned char)
 .text.startup._GLOBAL__sub_I_Serial3
                0x080007e0       0x10 .pio/build/kvpac/FrameworkArduino/HardwareSerial.cpp.o
 .text._ZNK9IPAddress7printToER5Print
                0x080007f0       0x3e .pio/build/kvpac/FrameworkArduino/IPAddress.cpp.o
                0x080007f0                IPAddress::printTo(Print&) const
 *fill*         0x0800082e        0x2 
 .text._ZN9IPAddressC2Ev
                0x08000830       0x10 .pio/build/kvpac/FrameworkArduino/IPAddress.cpp.o
                0x08000830                IPAddress::IPAddress()
                0x08000830                IPAddress::IPAddress()
 .text._ZN9IPAddressC2Ehhhh
                0x08000840       0x18 .pio/build/kvpac/FrameworkArduino/IPAddress.cpp.o
                0x08000840                IPAddress::IPAddress(unsigned char, unsigned char, unsigned char, unsigned char)
                0x08000840                IPAddress::IPAddress(unsigned char, unsigned char, unsigned char, unsigned char)
 .text._ZN9IPAddressC2Em
                0x08000858        0xc .pio/build/kvpac/FrameworkArduino/IPAddress.cpp.o
                0x08000858                IPAddress::IPAddress(unsigned long)
                0x08000858                IPAddress::IPAddress(unsigned long)
 .text._ZN5Print5writeEPKhj
                0x08000864       0x2c .pio/build/kvpac/FrameworkArduino/Print.cpp.o
                0x08000864                Print::write(unsigned char const*, unsigned int)
 .text._ZN5Print5writeEPKc.part.2
                0x08000890       0x1c .pio/build/kvpac/FrameworkArduino/Print.cpp.o
 .text._ZN5Print5writeEPKc
                0x080008ac        0xa .pio/build/kvpac/FrameworkArduino/Print.cpp.o
                0x080008ac                Print::write(char const*)
 .text._ZN5Print5printEPKc
                0x080008b6        0x8 .pio/build/kvpac/FrameworkArduino/Print.cpp.o
                0x080008b6                Print::print(char const*)
 .text._ZN5Print5printEc
                0x080008be        0x6 .pio/build/kvpac/FrameworkArduino/Print.cpp.o
                0x080008be                Print::print(char)
 .text._ZN5Print5printERK9Printable
                0x080008c4        0xc .pio/build/kvpac/FrameworkArduino/Print.cpp.o
                0x080008c4                Print::print(Printable const&)
 .text._ZN5Print7printlnEv
                0x080008d0        0xc .pio/build/kvpac/FrameworkArduino/Print.cpp.o
                0x080008d0                Print::println()
 .text._ZN5Print7printlnEPKc
                0x080008dc       0x14 .pio/build/kvpac/FrameworkArduino/Print.cpp.o
                0x080008dc                Print::println(char const*)
 .text._ZN5Print7printlnERK9Printable
                0x080008f0       0x14 .pio/build/kvpac/FrameworkArduino/Print.cpp.o
                0x080008f0                Print::println(Printable const&)
 .text._ZN5Print11printNumberEmh
                0x08000904       0x3a .pio/build/kvpac/FrameworkArduino/Print.cpp.o
                0x08000904                Print::printNumber(unsigned long, unsigned char)
 .text._ZN5Print5printEli
                0x0800093e       0x44 .pio/build/kvpac/FrameworkArduino/Print.cpp.o
                0x0800093e                Print::print(long, int)
 .text._ZN5Print5printEii
                0x08000982        0x4 .pio/build/kvpac/FrameworkArduino/Print.cpp.o
                0x08000982                Print::print(int, int)
 .text._ZN5Print5printEmi
                0x08000986       0x16 .pio/build/kvpac/FrameworkArduino/Print.cpp.o
                0x08000986                Print::print(unsigned long, int)
 .text._ZN5Print5printEhi
                0x0800099c        0x4 .pio/build/kvpac/FrameworkArduino/Print.cpp.o
                0x0800099c                Print::print(unsigned char, int)
 .text._ZN6Stream9timedReadEv
                0x080009a0       0x2a .pio/build/kvpac/FrameworkArduino/Stream.cpp.o
                0x080009a0                Stream::timedRead()
 .text._ZN6Stream9readBytesEPcj
                0x080009ca       0x2a .pio/build/kvpac/FrameworkArduino/Stream.cpp.o
                0x080009ca                Stream::readBytes(char*, unsigned int)
 .text._ZN6Stream14readBytesUntilEcPcj
                0x080009f4       0x34 .pio/build/kvpac/FrameworkArduino/Stream.cpp.o
                0x080009f4                Stream::readBytesUntil(char, char*, unsigned int)
 .text._ZNSt14_Function_baseD2Ev
                0x08000a28       0x12 .pio/build/kvpac/FrameworkArduino/WInterrupts.cpp.o
                0x08000a28                std::_Function_base::~_Function_base()
                0x08000a28                std::_Function_base::~_Function_base()
 *fill*         0x08000a3a        0x2 
 .text._Z14serialEventRunv
                0x08000a3c       0x1c .pio/build/kvpac/FrameworkArduino/WSerial.cpp.o
                0x08000a3c                serialEventRun()
 .text.init     0x08000a58        0x4 .pio/build/kvpac/FrameworkArduino/board.c.o
                0x08000a58                init
 .text.__empty  0x08000a5c        0x2 .pio/build/kvpac/FrameworkArduino/hooks.c.o
                0x08000a5c                yield
 .text._Z11initVariantv
                0x08000a5e        0x2 .pio/build/kvpac/FrameworkArduino/main.cpp.o
                0x08000a5e                initVariant()
 .text.startup._Z7premainv
                0x08000a60       0x10 .pio/build/kvpac/FrameworkArduino/main.cpp.o
                0x08000a60                premain()
 .text.startup.main
                0x08000a70       0x20 .pio/build/kvpac/FrameworkArduino/main.cpp.o
                0x08000a70                main
 .text.analogInputToPinName
                0x08000a90       0x38 .pio/build/kvpac/FrameworkArduino/pins_arduino.c.o
                0x08000a90                analogInputToPinName
 .text.HAL_MspInit
                0x08000ac8        0x2 .pio/build/kvpac/FrameworkArduino/stm32/HAL/stm32yyxx_hal.c.o
                0x08000ac8                HAL_MspInit
 *fill*         0x08000aca        0x2 
 .text.HAL_InitTick
                0x08000acc       0x48 .pio/build/kvpac/FrameworkArduino/stm32/HAL/stm32yyxx_hal.c.o
                0x08000acc                HAL_InitTick
 .text.HAL_Init
                0x08000b14       0x24 .pio/build/kvpac/FrameworkArduino/stm32/HAL/stm32yyxx_hal.c.o
                0x08000b14                HAL_Init
 .text.HAL_IncTick
                0x08000b38       0x18 .pio/build/kvpac/FrameworkArduino/stm32/HAL/stm32yyxx_hal.c.o
                0x08000b38                HAL_IncTick
 .text.HAL_GetTick
                0x08000b50        0xc .pio/build/kvpac/FrameworkArduino/stm32/HAL/stm32yyxx_hal.c.o
                0x08000b50                HAL_GetTick
 .text.HAL_Delay
                0x08000b5c       0x24 .pio/build/kvpac/FrameworkArduino/stm32/HAL/stm32yyxx_hal.c.o
                0x08000b5c                HAL_Delay
 .text.HAL_ADC_PollForConversion
                0x08000b80      0x13c .pio/build/kvpac/FrameworkArduino/stm32/HAL/stm32yyxx_hal_adc.c.o
                0x08000b80                HAL_ADC_PollForConversion
 .text.HAL_ADC_GetValue
                0x08000cbc        0x6 .pio/build/kvpac/FrameworkArduino/stm32/HAL/stm32yyxx_hal_adc.c.o
                0x08000cbc                HAL_ADC_GetValue
 *fill*         0x08000cc2        0x2 
 .text.HAL_ADC_ConfigChannel
                0x08000cc4       0xfc .pio/build/kvpac/FrameworkArduino/stm32/HAL/stm32yyxx_hal_adc.c.o
                0x08000cc4                HAL_ADC_ConfigChannel
 .text.HAL_ADC_GetState
                0x08000dc0        0x4 .pio/build/kvpac/FrameworkArduino/stm32/HAL/stm32yyxx_hal_adc.c.o
                0x08000dc0                HAL_ADC_GetState
 .text.ADC_Enable
                0x08000dc4       0x70 .pio/build/kvpac/FrameworkArduino/stm32/HAL/stm32yyxx_hal_adc.c.o
                0x08000dc4                ADC_Enable
 .text.HAL_ADC_Start
                0x08000e34       0xc4 .pio/build/kvpac/FrameworkArduino/stm32/HAL/stm32yyxx_hal_adc.c.o
                0x08000e34                HAL_ADC_Start
 .text.ADC_ConversionStop_Disable
                0x08000ef8       0x44 .pio/build/kvpac/FrameworkArduino/stm32/HAL/stm32yyxx_hal_adc.c.o
                0x08000ef8                ADC_ConversionStop_Disable
 .text.HAL_ADC_Init
                0x08000f3c      0x100 .pio/build/kvpac/FrameworkArduino/stm32/HAL/stm32yyxx_hal_adc.c.o
                0x08000f3c                HAL_ADC_Init
 .text.HAL_ADC_DeInit
                0x0800103c       0xc0 .pio/build/kvpac/FrameworkArduino/stm32/HAL/stm32yyxx_hal_adc.c.o
                0x0800103c                HAL_ADC_DeInit
 .text.HAL_ADC_Stop
                0x080010fc       0x34 .pio/build/kvpac/FrameworkArduino/stm32/HAL/stm32yyxx_hal_adc.c.o
                0x080010fc                HAL_ADC_Stop
 .text.HAL_ADCEx_Calibration_Start
                0x08001130       0xd0 .pio/build/kvpac/FrameworkArduino/stm32/HAL/stm32yyxx_hal_adc_ex.c.o
                0x08001130                HAL_ADCEx_Calibration_Start
 .text.HAL_NVIC_SetPriorityGrouping
                0x08001200       0x24 .pio/build/kvpac/FrameworkArduino/stm32/HAL/stm32yyxx_hal_cortex.c.o
                0x08001200                HAL_NVIC_SetPriorityGrouping
 .text.HAL_NVIC_SetPriority
                0x08001224       0x68 .pio/build/kvpac/FrameworkArduino/stm32/HAL/stm32yyxx_hal_cortex.c.o
                0x08001224                HAL_NVIC_SetPriority
 .text.HAL_NVIC_EnableIRQ
                0x0800128c       0x1c .pio/build/kvpac/FrameworkArduino/stm32/HAL/stm32yyxx_hal_cortex.c.o
                0x0800128c                HAL_NVIC_EnableIRQ
 .text.HAL_NVIC_DisableIRQ
                0x080012a8       0x28 .pio/build/kvpac/FrameworkArduino/stm32/HAL/stm32yyxx_hal_cortex.c.o
                0x080012a8                HAL_NVIC_DisableIRQ
 .text.HAL_SYSTICK_Config
                0x080012d0       0x2c .pio/build/kvpac/FrameworkArduino/stm32/HAL/stm32yyxx_hal_cortex.c.o
                0x080012d0                HAL_SYSTICK_Config
 .text.HAL_NVIC_ClearPendingIRQ
                0x080012fc       0x20 .pio/build/kvpac/FrameworkArduino/stm32/HAL/stm32yyxx_hal_cortex.c.o
                0x080012fc                HAL_NVIC_ClearPendingIRQ
 .text.HAL_SYSTICK_Callback
                0x0800131c        0x2 .pio/build/kvpac/FrameworkArduino/stm32/HAL/stm32yyxx_hal_cortex.c.o
                0x0800131c                HAL_SYSTICK_Callback
 .text.HAL_SYSTICK_IRQHandler
                0x0800131e        0x8 .pio/build/kvpac/FrameworkArduino/stm32/HAL/stm32yyxx_hal_cortex.c.o
                0x0800131e                HAL_SYSTICK_IRQHandler
 *fill*         0x08001326        0x2 
 .text.HAL_DMA_Abort_IT
                0x08001328      0x144 .pio/build/kvpac/FrameworkArduino/stm32/HAL/stm32yyxx_hal_dma.c.o
                0x08001328                HAL_DMA_Abort_IT
 .text.ETH_Delay.constprop.4
                0x0800146c       0x24 .pio/build/kvpac/FrameworkArduino/stm32/HAL/stm32yyxx_hal_eth.c.o
 .text.ETH_FlushTransmitFIFO
                0x08001490       0x28 .pio/build/kvpac/FrameworkArduino/stm32/HAL/stm32yyxx_hal_eth.c.o
 .text.ETH_MACDMAConfig
                0x080014b8       0xf8 .pio/build/kvpac/FrameworkArduino/stm32/HAL/stm32yyxx_hal_eth.c.o
 .text.HAL_ETH_DMATxDescListInit
                0x080015b0       0x78 .pio/build/kvpac/FrameworkArduino/stm32/HAL/stm32yyxx_hal_eth.c.o
                0x080015b0                HAL_ETH_DMATxDescListInit
 .text.HAL_ETH_DMARxDescListInit
                0x08001628       0x74 .pio/build/kvpac/FrameworkArduino/stm32/HAL/stm32yyxx_hal_eth.c.o
                0x08001628                HAL_ETH_DMARxDescListInit
 .text.HAL_ETH_TransmitFrame
                0x0800169c       0xec .pio/build/kvpac/FrameworkArduino/stm32/HAL/stm32yyxx_hal_eth.c.o
                0x0800169c                HAL_ETH_TransmitFrame
 .text.HAL_ETH_GetReceivedFrame
                0x08001788       0x7e .pio/build/kvpac/FrameworkArduino/stm32/HAL/stm32yyxx_hal_eth.c.o
                0x08001788                HAL_ETH_GetReceivedFrame
 .text.HAL_ETH_ReadPHYRegister
                0x08001806       0x74 .pio/build/kvpac/FrameworkArduino/stm32/HAL/stm32yyxx_hal_eth.c.o
                0x08001806                HAL_ETH_ReadPHYRegister
 .text.HAL_ETH_WritePHYRegister
                0x0800187a       0x6e .pio/build/kvpac/FrameworkArduino/stm32/HAL/stm32yyxx_hal_eth.c.o
                0x0800187a                HAL_ETH_WritePHYRegister
 .text.HAL_ETH_Init
                0x080018e8      0x1ac .pio/build/kvpac/FrameworkArduino/stm32/HAL/stm32yyxx_hal_eth.c.o
                0x080018e8                HAL_ETH_Init
 .text.HAL_ETH_Start
                0x08001a94       0x78 .pio/build/kvpac/FrameworkArduino/stm32/HAL/stm32yyxx_hal_eth.c.o
                0x08001a94                HAL_ETH_Start
 .text.HAL_ETH_Stop
                0x08001b0c       0x78 .pio/build/kvpac/FrameworkArduino/stm32/HAL/stm32yyxx_hal_eth.c.o
                0x08001b0c                HAL_ETH_Stop
 .text.HAL_ETH_ConfigMAC
                0x08001b84      0x118 .pio/build/kvpac/FrameworkArduino/stm32/HAL/stm32yyxx_hal_eth.c.o
                0x08001b84                HAL_ETH_ConfigMAC
 .text.HAL_GPIO_Init
                0x08001c9c      0x1c0 .pio/build/kvpac/FrameworkArduino/stm32/HAL/stm32yyxx_hal_gpio.c.o
                0x08001c9c                HAL_GPIO_Init
 .text.HAL_GPIO_EXTI_IRQHandler
                0x08001e5c       0x18 .pio/build/kvpac/FrameworkArduino/stm32/HAL/stm32yyxx_hal_gpio.c.o
                0x08001e5c                HAL_GPIO_EXTI_IRQHandler
 .text.HAL_I2C_Slave_Sequential_Transmit_IT
                0x08001e74       0x78 .pio/build/kvpac/FrameworkArduino/stm32/HAL/stm32yyxx_hal_i2c.c.o
                0x08001e74                HAL_I2C_Slave_Sequential_Transmit_IT
 .text.HAL_I2C_Slave_Sequential_Receive_IT
                0x08001eec       0x78 .pio/build/kvpac/FrameworkArduino/stm32/HAL/stm32yyxx_hal_i2c.c.o
                0x08001eec                HAL_I2C_Slave_Sequential_Receive_IT
 .text.HAL_I2C_EnableListen_IT
                0x08001f64       0x36 .pio/build/kvpac/FrameworkArduino/stm32/HAL/stm32yyxx_hal_i2c.c.o
                0x08001f64                HAL_I2C_EnableListen_IT
 .text.HAL_I2C_MasterTxCpltCallback
                0x08001f9a        0x2 .pio/build/kvpac/FrameworkArduino/stm32/HAL/stm32yyxx_hal_i2c.c.o
                0x08001f9a                HAL_I2C_MasterTxCpltCallback
 .text.HAL_I2C_MasterRxCpltCallback
                0x08001f9c        0x2 .pio/build/kvpac/FrameworkArduino/stm32/HAL/stm32yyxx_hal_i2c.c.o
                0x08001f9c                HAL_I2C_MasterRxCpltCallback
 .text.HAL_I2C_MemTxCpltCallback
                0x08001f9e        0x2 .pio/build/kvpac/FrameworkArduino/stm32/HAL/stm32yyxx_hal_i2c.c.o
                0x08001f9e                HAL_I2C_MemTxCpltCallback
 .text.HAL_I2C_MemRxCpltCallback
                0x08001fa0        0x2 .pio/build/kvpac/FrameworkArduino/stm32/HAL/stm32yyxx_hal_i2c.c.o
                0x08001fa0                HAL_I2C_MemRxCpltCallback
 .text.HAL_I2C_AbortCpltCallback
                0x08001fa2        0x2 .pio/build/kvpac/FrameworkArduino/stm32/HAL/stm32yyxx_hal_i2c.c.o
                0x08001fa2                HAL_I2C_AbortCpltCallback
 .text.I2C_ITError
                0x08001fa4      0x128 .pio/build/kvpac/FrameworkArduino/stm32/HAL/stm32yyxx_hal_i2c.c.o
 .text.HAL_I2C_EV_IRQHandler
                0x080020cc      0x6d0 .pio/build/kvpac/FrameworkArduino/stm32/HAL/stm32yyxx_hal_i2c.c.o
                0x080020cc                HAL_I2C_EV_IRQHandler
 .text.HAL_I2C_ER_IRQHandler
                0x0800279c      0x13c .pio/build/kvpac/FrameworkArduino/stm32/HAL/stm32yyxx_hal_i2c.c.o
                0x0800279c                HAL_I2C_ER_IRQHandler
 .text.I2C_DMAAbort
                0x080028d8       0x4c .pio/build/kvpac/FrameworkArduino/stm32/HAL/stm32yyxx_hal_i2c.c.o
 .text.HAL_RCC_OscConfig
                0x08002924      0x3d8 .pio/build/kvpac/FrameworkArduino/stm32/HAL/stm32yyxx_hal_rcc.c.o
                0x08002924                HAL_RCC_OscConfig
 .text.HAL_RCC_ClockConfig
                0x08002cfc      0x140 .pio/build/kvpac/FrameworkArduino/stm32/HAL/stm32yyxx_hal_rcc.c.o
                0x08002cfc                HAL_RCC_ClockConfig
 .text.HAL_RCC_MCOConfig
                0x08002e3c       0x4c .pio/build/kvpac/FrameworkArduino/stm32/HAL/stm32yyxx_hal_rcc.c.o
                0x08002e3c                HAL_RCC_MCOConfig
 .text.HAL_RCC_GetSysClockFreq
                0x08002e88       0xc4 .pio/build/kvpac/FrameworkArduino/stm32/HAL/stm32yyxx_hal_rcc.c.o
                0x08002e88                HAL_RCC_GetSysClockFreq
 .text.HAL_RCC_GetHCLKFreq
                0x08002f4c        0xc .pio/build/kvpac/FrameworkArduino/stm32/HAL/stm32yyxx_hal_rcc.c.o
                0x08002f4c                HAL_RCC_GetHCLKFreq
 .text.HAL_RCC_GetPCLK1Freq
                0x08002f58       0x20 .pio/build/kvpac/FrameworkArduino/stm32/HAL/stm32yyxx_hal_rcc.c.o
                0x08002f58                HAL_RCC_GetPCLK1Freq
 .text.HAL_RCC_GetPCLK2Freq
                0x08002f78       0x20 .pio/build/kvpac/FrameworkArduino/stm32/HAL/stm32yyxx_hal_rcc.c.o
                0x08002f78                HAL_RCC_GetPCLK2Freq
 .text.HAL_RCCEx_PeriphCLKConfig
                0x08002f98      0x17c .pio/build/kvpac/FrameworkArduino/stm32/HAL/stm32yyxx_hal_rcc_ex.c.o
                0x08002f98                HAL_RCCEx_PeriphCLKConfig
 .text.HAL_RCCEx_GetPeriphCLKFreq
                0x08003114      0x178 .pio/build/kvpac/FrameworkArduino/stm32/HAL/stm32yyxx_hal_rcc_ex.c.o
                0x08003114                HAL_RCCEx_GetPeriphCLKFreq
 .text.HAL_RTC_AlarmIRQHandler
                0x0800328c       0x30 .pio/build/kvpac/FrameworkArduino/stm32/HAL/stm32yyxx_hal_rtc.c.o
                0x0800328c                HAL_RTC_AlarmIRQHandler
 .text.HAL_TIM_PWM_DeInit
                0x080032bc       0x3a .pio/build/kvpac/FrameworkArduino/stm32/HAL/stm32yyxx_hal_tim.c.o
                0x080032bc                HAL_TIM_PWM_DeInit
 .text.HAL_TIM_IC_CaptureCallback
                0x080032f6        0x2 .pio/build/kvpac/FrameworkArduino/stm32/HAL/stm32yyxx_hal_tim.c.o
                0x080032f6                HAL_TIM_IC_CaptureCallback
 .text.HAL_TIM_PWM_PulseFinishedCallback
                0x080032f8        0x2 .pio/build/kvpac/FrameworkArduino/stm32/HAL/stm32yyxx_hal_tim.c.o
                0x080032f8                HAL_TIM_PWM_PulseFinishedCallback
 .text.HAL_TIM_TriggerCallback
                0x080032fa        0x2 .pio/build/kvpac/FrameworkArduino/stm32/HAL/stm32yyxx_hal_tim.c.o
                0x080032fa                HAL_TIM_TriggerCallback
 .text.HAL_TIM_IRQHandler
                0x080032fc      0x144 .pio/build/kvpac/FrameworkArduino/stm32/HAL/stm32yyxx_hal_tim.c.o
                0x080032fc                HAL_TIM_IRQHandler
 .text.TIM_CCxChannelCmd
                0x08003440       0x18 .pio/build/kvpac/FrameworkArduino/stm32/HAL/stm32yyxx_hal_tim.c.o
                0x08003440                TIM_CCxChannelCmd
 .text.HAL_TIM_PWM_Stop
                0x08003458       0x5c .pio/build/kvpac/FrameworkArduino/stm32/HAL/stm32yyxx_hal_tim.c.o
                0x08003458                HAL_TIM_PWM_Stop
 .text.TIM_CCxNChannelCmd
                0x080034b4       0x18 .pio/build/kvpac/FrameworkArduino/stm32/HAL/stm32yyxx_hal_tim_ex.c.o
 .text.HAL_TIMEx_OCN_Stop
                0x080034cc       0x4a .pio/build/kvpac/FrameworkArduino/stm32/HAL/stm32yyxx_hal_tim_ex.c.o
                0x080034cc                HAL_TIMEx_OCN_Stop
 .text.HAL_TIMEx_PWMN_Stop
                0x08003516        0x4 .pio/build/kvpac/FrameworkArduino/stm32/HAL/stm32yyxx_hal_tim_ex.c.o
                0x08003516                HAL_TIMEx_PWMN_Stop
 .text.HAL_TIMEx_CommutationCallback
                0x0800351a        0x2 .pio/build/kvpac/FrameworkArduino/stm32/HAL/stm32yyxx_hal_tim_ex.c.o
                0x0800351a                HAL_TIMEx_CommutationCallback
 .text.HAL_TIMEx_BreakCallback
                0x0800351c        0x2 .pio/build/kvpac/FrameworkArduino/stm32/HAL/stm32yyxx_hal_tim_ex.c.o
                0x0800351c                HAL_TIMEx_BreakCallback
 .text.UART_EndRxTransfer
                0x0800351e       0x1a .pio/build/kvpac/FrameworkArduino/stm32/HAL/stm32yyxx_hal_uart.c.o
 .text.UART_SetConfig
                0x08003538      0x13c .pio/build/kvpac/FrameworkArduino/stm32/HAL/stm32yyxx_hal_uart.c.o
 .text.UART_WaitOnFlagUntilTimeout.constprop.3
                0x08003674       0x50 .pio/build/kvpac/FrameworkArduino/stm32/HAL/stm32yyxx_hal_uart.c.o
 .text.HAL_UART_MspInit
                0x080036c4        0x2 .pio/build/kvpac/FrameworkArduino/stm32/HAL/stm32yyxx_hal_uart.c.o
                0x080036c4                HAL_UART_MspInit
 .text.HAL_UART_Init
                0x080036c6       0x5c .pio/build/kvpac/FrameworkArduino/stm32/HAL/stm32yyxx_hal_uart.c.o
                0x080036c6                HAL_UART_Init
 .text.HAL_UART_Transmit
                0x08003722       0xb2 .pio/build/kvpac/FrameworkArduino/stm32/HAL/stm32yyxx_hal_uart.c.o
                0x08003722                HAL_UART_Transmit
 .text.HAL_UART_Transmit_IT
                0x080037d4       0x3e .pio/build/kvpac/FrameworkArduino/stm32/HAL/stm32yyxx_hal_uart.c.o
                0x080037d4                HAL_UART_Transmit_IT
 .text.HAL_UART_Receive_IT
                0x08003812       0x4e .pio/build/kvpac/FrameworkArduino/stm32/HAL/stm32yyxx_hal_uart.c.o
                0x08003812                HAL_UART_Receive_IT
 .text.UART_Receive_IT
                0x08003860       0x76 .pio/build/kvpac/FrameworkArduino/stm32/HAL/stm32yyxx_hal_uart.c.o
 *fill*         0x080038d6        0x2 
 .text.HAL_UART_IRQHandler
                0x080038d8      0x140 .pio/build/kvpac/FrameworkArduino/stm32/HAL/stm32yyxx_hal_uart.c.o
                0x080038d8                HAL_UART_IRQHandler
 .text.UART_DMAAbortOnError
                0x08003a18       0x10 .pio/build/kvpac/FrameworkArduino/stm32/HAL/stm32yyxx_hal_uart.c.o
 .text.HAL_UART_GetState
                0x08003a28        0xc .pio/build/kvpac/FrameworkArduino/stm32/HAL/stm32yyxx_hal_uart.c.o
                0x08003a28                HAL_UART_GetState
 .text.set_GPIO_Port_Clock
                0x08003a34       0xa8 .pio/build/kvpac/FrameworkArduino/stm32/PortNames.c.o
                0x08003a34                set_GPIO_Port_Clock
 .text.get_pwm_channel
                0x08003adc       0x24 .pio/build/kvpac/FrameworkArduino/stm32/analog.c.o
 .text.HAL_ADC_MspInit
                0x08003b00       0x64 .pio/build/kvpac/FrameworkArduino/stm32/analog.c.o
                0x08003b00                HAL_ADC_MspInit
 .text.HAL_ADC_MspDeInit
                0x08003b64       0x58 .pio/build/kvpac/FrameworkArduino/stm32/analog.c.o
                0x08003b64                HAL_ADC_MspDeInit
 .text.adc_read_value
                0x08003bbc      0x11c .pio/build/kvpac/FrameworkArduino/stm32/analog.c.o
                0x08003bbc                adc_read_value
 .text.HAL_TIM_PWM_MspDeInit
                0x08003cd8        0x4 .pio/build/kvpac/FrameworkArduino/stm32/analog.c.o
                0x08003cd8                HAL_TIM_PWM_MspDeInit
 .text.pwm_stop
                0x08003cdc       0x54 .pio/build/kvpac/FrameworkArduino/stm32/analog.c.o
                0x08003cdc                pwm_stop
 .text.getCurrentMillis
                0x08003d30        0x4 .pio/build/kvpac/FrameworkArduino/stm32/clock.c.o
                0x08003d30                getCurrentMillis
 .text.noOsSystickHandler
                0x08003d34        0x2 .pio/build/kvpac/FrameworkArduino/stm32/clock.c.o
                0x08003d34                osSystickHandler
                0x08003d34                noOsSystickHandler
 .text.SysTick_Handler
                0x08003d36       0x10 .pio/build/kvpac/FrameworkArduino/stm32/clock.c.o
                0x08003d36                SysTick_Handler
 *fill*         0x08003d46        0x2 
 .text.dwt_init
                0x08003d48       0x38 .pio/build/kvpac/FrameworkArduino/stm32/dwt.c.o
                0x08003d48                dwt_init
 .text.hw_config_init
                0x08003d80       0x12 .pio/build/kvpac/FrameworkArduino/stm32/hw_config.c.o
                0x08003d80                hw_config_init
 *fill*         0x08003d92        0x2 
 .text.__tcf_0  0x08003d94       0x1c .pio/build/kvpac/FrameworkArduino/stm32/interrupt.cpp.o
 .text.HAL_GPIO_EXTI_Callback
                0x08003db0       0x2c .pio/build/kvpac/FrameworkArduino/stm32/interrupt.cpp.o
                0x08003db0                HAL_GPIO_EXTI_Callback
 .text.EXTI0_IRQHandler
                0x08003ddc        0x6 .pio/build/kvpac/FrameworkArduino/stm32/interrupt.cpp.o
                0x08003ddc                EXTI0_IRQHandler
 .text.EXTI1_IRQHandler
                0x08003de2        0x6 .pio/build/kvpac/FrameworkArduino/stm32/interrupt.cpp.o
                0x08003de2                EXTI1_IRQHandler
 .text.EXTI2_IRQHandler
                0x08003de8        0x6 .pio/build/kvpac/FrameworkArduino/stm32/interrupt.cpp.o
                0x08003de8                EXTI2_IRQHandler
 .text.EXTI3_IRQHandler
                0x08003dee        0x6 .pio/build/kvpac/FrameworkArduino/stm32/interrupt.cpp.o
                0x08003dee                EXTI3_IRQHandler
 .text.EXTI4_IRQHandler
                0x08003df4        0x6 .pio/build/kvpac/FrameworkArduino/stm32/interrupt.cpp.o
                0x08003df4                EXTI4_IRQHandler
 .text.EXTI9_5_IRQHandler
                0x08003dfa       0x16 .pio/build/kvpac/FrameworkArduino/stm32/interrupt.cpp.o
                0x08003dfa                EXTI9_5_IRQHandler
 .text.EXTI15_10_IRQHandler
                0x08003e10       0x18 .pio/build/kvpac/FrameworkArduino/stm32/interrupt.cpp.o
                0x08003e10                EXTI15_10_IRQHandler
 .text.startup._GLOBAL__sub_I__Z22stm32_interrupt_enableP12GPIO_TypeDeftSt8functionIFvvEEm
                0x08003e28       0x98 .pio/build/kvpac/FrameworkArduino/stm32/interrupt.cpp.o
 .text.LL_GPIO_SetPinMode
                0x08003ec0       0x2e .pio/build/kvpac/FrameworkArduino/stm32/pinmap.c.o
 .text.LL_GPIO_SetPinOutputType
                0x08003eee       0x2e .pio/build/kvpac/FrameworkArduino/stm32/pinmap.c.o
 .text.pin_in_pinmap
                0x08003f1c       0x1e .pio/build/kvpac/FrameworkArduino/stm32/pinmap.c.o
                0x08003f1c                pin_in_pinmap
 *fill*         0x08003f3a        0x2 
 .text.pin_function
                0x08003f3c      0x444 .pio/build/kvpac/FrameworkArduino/stm32/pinmap.c.o
                0x08003f3c                pin_function
 .text.pinmap_pinout
                0x08004380       0x28 .pio/build/kvpac/FrameworkArduino/stm32/pinmap.c.o
                0x08004380                pinmap_pinout
 .text.pinmap_find_peripheral
                0x080043a8       0x18 .pio/build/kvpac/FrameworkArduino/stm32/pinmap.c.o
                0x080043a8                pinmap_find_peripheral
 .text.pinmap_peripheral
                0x080043c0        0xc .pio/build/kvpac/FrameworkArduino/stm32/pinmap.c.o
                0x080043c0                pinmap_peripheral
 .text.pinmap_find_pin
                0x080043cc       0x18 .pio/build/kvpac/FrameworkArduino/stm32/pinmap.c.o
                0x080043cc                pinmap_find_pin
 .text.pinmap_pin
                0x080043e4        0xc .pio/build/kvpac/FrameworkArduino/stm32/pinmap.c.o
                0x080043e4                pinmap_pin
 .text.pinmap_find_function
                0x080043f0       0x18 .pio/build/kvpac/FrameworkArduino/stm32/pinmap.c.o
                0x080043f0                pinmap_find_function
 .text.pinmap_function
                0x08004408        0xa .pio/build/kvpac/FrameworkArduino/stm32/pinmap.c.o
                0x08004408                pinmap_function
 .text.pinmap_merge_peripheral
                0x08004412       0x12 .pio/build/kvpac/FrameworkArduino/stm32/pinmap.c.o
                0x08004412                pinmap_merge_peripheral
 .text.HAL_RTC_AlarmAEventCallback
                0x08004424       0x18 .pio/build/kvpac/FrameworkArduino/stm32/rtc.c.o
                0x08004424                HAL_RTC_AlarmAEventCallback
 .text.RTC_Alarm_IRQHandler
                0x0800443c        0xc .pio/build/kvpac/FrameworkArduino/stm32/rtc.c.o
                0x0800443c                RTC_Alarm_IRQHandler
 .text.Reset_Handler
                0x08004448       0x48 .pio/build/kvpac/FrameworkArduino/stm32/startup_stm32yyxx.S.o
                0x08004448                Reset_Handler
 .text.Default_Handler
                0x08004490        0x2 .pio/build/kvpac/FrameworkArduino/stm32/startup_stm32yyxx.S.o
                0x08004490                DebugMon_Handler
                0x08004490                TIM1_CC_IRQHandler
                0x08004490                HardFault_Handler
                0x08004490                PVD_IRQHandler
                0x08004490                PendSV_Handler
                0x08004490                NMI_Handler
                0x08004490                CAN2_RX1_IRQHandler
                0x08004490                CAN1_RX0_IRQHandler
                0x08004490                UsageFault_Handler
                0x08004490                CAN2_SCE_IRQHandler
                0x08004490                ADC1_2_IRQHandler
                0x08004490                SPI1_IRQHandler
                0x08004490                TAMPER_IRQHandler
                0x08004490                CAN2_RX0_IRQHandler
                0x08004490                DMA2_Channel2_IRQHandler
                0x08004490                DMA1_Channel4_IRQHandler
                0x08004490                RTC_IRQHandler
                0x08004490                DMA1_Channel7_IRQHandler
                0x08004490                CAN1_RX1_IRQHandler
                0x08004490                DMA2_Channel1_IRQHandler
                0x08004490                DMA1_Channel6_IRQHandler
                0x08004490                DMA2_Channel4_IRQHandler
                0x08004490                RCC_IRQHandler
                0x08004490                TIM1_TRG_COM_IRQHandler
                0x08004490                DMA1_Channel1_IRQHandler
                0x08004490                Default_Handler
                0x08004490                CAN2_TX_IRQHandler
                0x08004490                ETH_WKUP_IRQHandler
                0x08004490                SPI2_IRQHandler
                0x08004490                MemManage_Handler
                0x08004490                CAN1_TX_IRQHandler
                0x08004490                SVC_Handler
                0x08004490                DMA2_Channel5_IRQHandler
                0x08004490                DMA1_Channel5_IRQHandler
                0x08004490                DMA1_Channel3_IRQHandler
                0x08004490                ETH_IRQHandler
                0x08004490                WWDG_IRQHandler
                0x08004490                OTG_FS_WKUP_IRQHandler
                0x08004490                TIM1_BRK_IRQHandler
                0x08004490                DMA1_Channel2_IRQHandler
                0x08004490                CAN1_SCE_IRQHandler
                0x08004490                FLASH_IRQHandler
                0x08004490                BusFault_Handler
                0x08004490                OTG_FS_IRQHandler
                0x08004490                SPI3_IRQHandler
                0x08004490                DMA2_Channel3_IRQHandler
 *fill*         0x08004492        0x2 
 .text.core_debug.constprop.0
                0x08004494       0x30 .pio/build/kvpac/FrameworkArduino/stm32/stm32_def.c.o
 .text._Error_Handler
                0x080044c4       0x14 .pio/build/kvpac/FrameworkArduino/stm32/stm32_def.c.o
                0x080044c4                _Error_Handler
 .text.SystemInit
                0x080044d8       0x58 .pio/build/kvpac/FrameworkArduino/stm32/system_stm32yyxx.c.o
                0x080044d8                SystemInit
 .text.HAL_TIM_OC_DelayElapsedCallback
                0x08004530       0x40 .pio/build/kvpac/FrameworkArduino/stm32/timer.c.o
                0x08004530                HAL_TIM_OC_DelayElapsedCallback
 .text.HAL_TIM_PeriodElapsedCallback
                0x08004570        0xc .pio/build/kvpac/FrameworkArduino/stm32/timer.c.o
                0x08004570                HAL_TIM_PeriodElapsedCallback
 .text.timer_disable_clock
                0x0800457c       0x9c .pio/build/kvpac/FrameworkArduino/stm32/timer.c.o
                0x0800457c                timer_disable_clock
 .text.TIM1_UP_IRQHandler
                0x08004618       0x10 .pio/build/kvpac/FrameworkArduino/stm32/timer.c.o
                0x08004618                TIM1_UP_IRQHandler
 .text.TIM2_IRQHandler
                0x08004628       0x10 .pio/build/kvpac/FrameworkArduino/stm32/timer.c.o
                0x08004628                TIM2_IRQHandler
 .text.TIM3_IRQHandler
                0x08004638       0x10 .pio/build/kvpac/FrameworkArduino/stm32/timer.c.o
                0x08004638                TIM3_IRQHandler
 .text.TIM4_IRQHandler
                0x08004648       0x10 .pio/build/kvpac/FrameworkArduino/stm32/timer.c.o
                0x08004648                TIM4_IRQHandler
 .text.TIM5_IRQHandler
                0x08004658       0x10 .pio/build/kvpac/FrameworkArduino/stm32/timer.c.o
                0x08004658                TIM5_IRQHandler
 .text.TIM6_IRQHandler
                0x08004668       0x10 .pio/build/kvpac/FrameworkArduino/stm32/timer.c.o
                0x08004668                TIM6_IRQHandler
 .text.TIM7_IRQHandler
                0x08004678       0x10 .pio/build/kvpac/FrameworkArduino/stm32/timer.c.o
                0x08004678                TIM7_IRQHandler
 .text.core_debug
                0x08004688       0x2c .pio/build/kvpac/FrameworkArduino/stm32/twi.c.o
 .text.HAL_I2C_AddrCallback
                0x080046b4       0x46 .pio/build/kvpac/FrameworkArduino/stm32/twi.c.o
                0x080046b4                HAL_I2C_AddrCallback
 .text.HAL_I2C_ListenCpltCallback
                0x080046fa       0x2e .pio/build/kvpac/FrameworkArduino/stm32/twi.c.o
                0x080046fa                HAL_I2C_ListenCpltCallback
 .text.HAL_I2C_SlaveRxCpltCallback
                0x08004728       0x3c .pio/build/kvpac/FrameworkArduino/stm32/twi.c.o
                0x08004728                HAL_I2C_SlaveRxCpltCallback
 .text.HAL_I2C_SlaveTxCpltCallback
                0x08004764        0x8 .pio/build/kvpac/FrameworkArduino/stm32/twi.c.o
                0x08004764                HAL_I2C_SlaveTxCpltCallback
 .text.HAL_I2C_ErrorCallback
                0x0800476c        0xc .pio/build/kvpac/FrameworkArduino/stm32/twi.c.o
                0x0800476c                HAL_I2C_ErrorCallback
 .text.I2C1_EV_IRQHandler
                0x08004778        0xc .pio/build/kvpac/FrameworkArduino/stm32/twi.c.o
                0x08004778                I2C1_EV_IRQHandler
 .text.I2C1_ER_IRQHandler
                0x08004784        0xc .pio/build/kvpac/FrameworkArduino/stm32/twi.c.o
                0x08004784                I2C1_ER_IRQHandler
 .text.I2C2_EV_IRQHandler
                0x08004790        0xc .pio/build/kvpac/FrameworkArduino/stm32/twi.c.o
                0x08004790                I2C2_EV_IRQHandler
 .text.I2C2_ER_IRQHandler
                0x0800479c        0xc .pio/build/kvpac/FrameworkArduino/stm32/twi.c.o
                0x0800479c                I2C2_ER_IRQHandler
 .text.uart_debug_write
                0x080047a8       0xe8 .pio/build/kvpac/FrameworkArduino/stm32/uart.c.o
                0x080047a8                uart_debug_write
 .text.core_debug
                0x08004890       0x2c .pio/build/kvpac/FrameworkArduino/stm32/uart.c.o
 .text.uart_init.part.0
                0x080048bc      0x1c8 .pio/build/kvpac/FrameworkArduino/stm32/uart.c.o
 .text.uart_init
                0x08004a84        0x8 .pio/build/kvpac/FrameworkArduino/stm32/uart.c.o
                0x08004a84                uart_init
 .text.uart_debug_init
                0x08004a8c       0x50 .pio/build/kvpac/FrameworkArduino/stm32/uart.c.o
                0x08004a8c                uart_debug_init
 .text.serial_rx_active
                0x08004adc       0x24 .pio/build/kvpac/FrameworkArduino/stm32/uart.c.o
                0x08004adc                serial_rx_active
 .text.serial_tx_active
                0x08004b00       0x24 .pio/build/kvpac/FrameworkArduino/stm32/uart.c.o
                0x08004b00                serial_tx_active
 .text.uart_getc
                0x08004b24       0x38 .pio/build/kvpac/FrameworkArduino/stm32/uart.c.o
                0x08004b24                uart_getc
 .text.uart_attach_rx_callback
                0x08004b5c       0x4c .pio/build/kvpac/FrameworkArduino/stm32/uart.c.o
                0x08004b5c                uart_attach_rx_callback
 .text.uart_attach_tx_callback
                0x08004ba8       0x48 .pio/build/kvpac/FrameworkArduino/stm32/uart.c.o
                0x08004ba8                uart_attach_tx_callback
 .text.HAL_UART_RxCpltCallback
                0x08004bf0        0xc .pio/build/kvpac/FrameworkArduino/stm32/uart.c.o
                0x08004bf0                HAL_UART_RxCpltCallback
 .text.HAL_UART_TxCpltCallback
                0x08004bfc       0x26 .pio/build/kvpac/FrameworkArduino/stm32/uart.c.o
                0x08004bfc                HAL_UART_TxCpltCallback
 .text.HAL_UART_ErrorCallback
                0x08004c22       0x7c .pio/build/kvpac/FrameworkArduino/stm32/uart.c.o
                0x08004c22                HAL_UART_ErrorCallback
 *fill*         0x08004c9e        0x2 
 .text.USART1_IRQHandler
                0x08004ca0       0x18 .pio/build/kvpac/FrameworkArduino/stm32/uart.c.o
                0x08004ca0                USART1_IRQHandler
 .text.USART2_IRQHandler
                0x08004cb8       0x18 .pio/build/kvpac/FrameworkArduino/stm32/uart.c.o
                0x08004cb8                USART2_IRQHandler
 .text.USART3_IRQHandler
                0x08004cd0       0x1c .pio/build/kvpac/FrameworkArduino/stm32/uart.c.o
                0x08004cd0                USART3_IRQHandler
 .text.UART4_IRQHandler
                0x08004cec       0x18 .pio/build/kvpac/FrameworkArduino/stm32/uart.c.o
                0x08004cec                UART4_IRQHandler
 .text.UART5_IRQHandler
                0x08004d04       0x18 .pio/build/kvpac/FrameworkArduino/stm32/uart.c.o
                0x08004d04                UART5_IRQHandler
 .text._sbrk    0x08004d1c       0x3c .pio/build/kvpac/FrameworkArduino/syscalls.c.o
                0x08004d1c                _sbrk
 .text.analogRead
                0x08004d58       0x30 .pio/build/kvpac/FrameworkArduino/wiring_analog.c.o
                0x08004d58                analogRead
 .text.pinMode  0x08004d88       0x9c .pio/build/kvpac/FrameworkArduino/wiring_digital.c.o
                0x08004d88                pinMode
 .text.digitalWrite
                0x08004e24       0x48 .pio/build/kvpac/FrameworkArduino/wiring_digital.c.o
                0x08004e24                digitalWrite
 .text.millis   0x08004e6c        0x4 .pio/build/kvpac/FrameworkArduino/wiring_time.c.o
                0x08004e6c                millis
 .text.delay    0x08004e70       0x1c .pio/build/kvpac/FrameworkArduino/wiring_time.c.o
                0x08004e70                delay
 .text.startup._GLOBAL__sub_I__ZN9DhcpClass13beginWithDHCPEPhmm
                0x08004e8c       0x1c .pio/build/kvpac/libc12/STM32Ethernet_ID1787/Dhcp.cpp.o
 .text._ZN9DNSClient5beginERK9IPAddress
                0x08004ea8        0xa .pio/build/kvpac/libc12/STM32Ethernet_ID1787/Dns.cpp.o
                0x08004ea8                DNSClient::begin(IPAddress const&)
 .text._ZN9DNSClient9inet_atonEPKcR9IPAddress
                0x08004eb2       0x4c .pio/build/kvpac/libc12/STM32Ethernet_ID1787/Dns.cpp.o
                0x08004eb2                DNSClient::inet_aton(char const*, IPAddress&)
 *fill*         0x08004efe        0x2 
 .text._ZN9DNSClient13getHostByNameEPKcR9IPAddress
                0x08004f00       0x48 .pio/build/kvpac/libc12/STM32Ethernet_ID1787/Dns.cpp.o
                0x08004f00                DNSClient::getHostByName(char const*, IPAddress&)
 .text.startup._GLOBAL__sub_I__ZN9DNSClient5beginERK9IPAddress
                0x08004f48       0x1c .pio/build/kvpac/libc12/STM32Ethernet_ID1787/Dns.cpp.o
 .text._ZN14EthernetClienteqEb
                0x08004f64        0x6 .pio/build/kvpac/libc12/STM32Ethernet_ID1787/EthernetClient.cpp.o
                0x08004f64                EthernetClient::operator==(bool)
 .text._ZN14EthernetClientneEb
                0x08004f6a        0x4 .pio/build/kvpac/libc12/STM32Ethernet_ID1787/EthernetClient.cpp.o
                0x08004f6a                EthernetClient::operator!=(bool)
 .text._ZN14EthernetClientneERKS_
                0x08004f6e       0x10 .pio/build/kvpac/libc12/STM32Ethernet_ID1787/EthernetClient.cpp.o
                0x08004f6e                EthernetClient::operator!=(EthernetClient const&)
 .text._ZN14EthernetClient5writeEh
                0x08004f7e       0x16 .pio/build/kvpac/libc12/STM32Ethernet_ID1787/EthernetClient.cpp.o
                0x08004f7e                EthernetClient::write(unsigned char)
 .text._ZN14EthernetClientcvbEv
                0x08004f94        0xe .pio/build/kvpac/libc12/STM32Ethernet_ID1787/EthernetClient.cpp.o
                0x08004f94                EthernetClient::operator bool()
 .text._ZN14EthernetClienteqERKS_
                0x08004fa2        0xc .pio/build/kvpac/libc12/STM32Ethernet_ID1787/EthernetClient.cpp.o
                0x08004fa2                EthernetClient::operator==(EthernetClient const&)
 *fill*         0x08004fae        0x2 
 .text._ZN14EthernetClient7connectEPKct
                0x08004fb0       0x54 .pio/build/kvpac/libc12/STM32Ethernet_ID1787/EthernetClient.cpp.o
                0x08004fb0                EthernetClient::connect(char const*, unsigned short)
 .text._ZN14EthernetClient9availableEv
                0x08005004       0x10 .pio/build/kvpac/libc12/STM32Ethernet_ID1787/EthernetClient.cpp.o
                0x08005004                EthernetClient::available()
 .text._ZN14EthernetClient5flushEv
                0x08005014       0x18 .pio/build/kvpac/libc12/STM32Ethernet_ID1787/EthernetClient.cpp.o
                0x08005014                EthernetClient::flush()
 .text._ZN14EthernetClient4readEv
                0x0800502c       0x26 .pio/build/kvpac/libc12/STM32Ethernet_ID1787/EthernetClient.cpp.o
                0x0800502c                EthernetClient::read()
 .text._ZN14EthernetClient4readEPhj
                0x08005052       0x18 .pio/build/kvpac/libc12/STM32Ethernet_ID1787/EthernetClient.cpp.o
                0x08005052                EthernetClient::read(unsigned char*, unsigned int)
 .text._ZN14EthernetClient4peekEv
                0x0800506a       0x1e .pio/build/kvpac/libc12/STM32Ethernet_ID1787/EthernetClient.cpp.o
                0x0800506a                EthernetClient::peek()
 .text._ZN14EthernetClient5writeEPKhj
                0x08005088       0x46 .pio/build/kvpac/libc12/STM32Ethernet_ID1787/EthernetClient.cpp.o
                0x08005088                EthernetClient::write(unsigned char const*, unsigned int)
 *fill*         0x080050ce        0x2 
 .text._ZN14EthernetClient7connectE9IPAddresst
                0x080050d0       0x90 .pio/build/kvpac/libc12/STM32Ethernet_ID1787/EthernetClient.cpp.o
                0x080050d0                EthernetClient::connect(IPAddress, unsigned short)
 .text._ZN14EthernetClientC2EP10tcp_struct
                0x08005160       0x18 .pio/build/kvpac/libc12/STM32Ethernet_ID1787/EthernetClient.cpp.o
                0x08005160                EthernetClient::EthernetClient(tcp_struct*)
                0x08005160                EthernetClient::EthernetClient(tcp_struct*)
 .text._ZN14EthernetClient6statusEv
                0x08005178        0x8 .pio/build/kvpac/libc12/STM32Ethernet_ID1787/EthernetClient.cpp.o
                0x08005178                EthernetClient::status()
 .text._ZN14EthernetClient4stopEv
                0x08005180       0x1a .pio/build/kvpac/libc12/STM32Ethernet_ID1787/EthernetClient.cpp.o
                0x08005180                EthernetClient::stop()
 .text._ZN14EthernetClient9connectedEv
                0x0800519a       0x2c .pio/build/kvpac/libc12/STM32Ethernet_ID1787/EthernetClient.cpp.o
                0x0800519a                EthernetClient::connected()
 *fill*         0x080051c6        0x2 
 .text.startup._GLOBAL__sub_I__ZN14EthernetClientC2Ev
                0x080051c8       0x1c .pio/build/kvpac/libc12/STM32Ethernet_ID1787/EthernetClient.cpp.o
 .text._ZN14EthernetServer5writeEh
                0x080051e4       0x16 .pio/build/kvpac/libc12/STM32Ethernet_ID1787/EthernetServer.cpp.o
                0x080051e4                EthernetServer::write(unsigned char)
 *fill*         0x080051fa        0x2 
 .text._ZN14EthernetServer5beginEv
                0x080051fc       0x50 .pio/build/kvpac/libc12/STM32Ethernet_ID1787/EthernetServer.cpp.o
                0x080051fc                EthernetServer::begin()
 .text._ZN14EthernetServerC2Et
                0x0800524c       0x24 .pio/build/kvpac/libc12/STM32Ethernet_ID1787/EthernetServer.cpp.o
                0x0800524c                EthernetServer::EthernetServer(unsigned short)
                0x0800524c                EthernetServer::EthernetServer(unsigned short)
 .text._ZN14EthernetServer6acceptEv
                0x08005270       0x34 .pio/build/kvpac/libc12/STM32Ethernet_ID1787/EthernetServer.cpp.o
                0x08005270                EthernetServer::accept()
 .text._ZN14EthernetServer5writeEPKhj
                0x080052a4       0x44 .pio/build/kvpac/libc12/STM32Ethernet_ID1787/EthernetServer.cpp.o
                0x080052a4                EthernetServer::write(unsigned char const*, unsigned int)
 .text._ZN14EthernetServer9availableEv
                0x080052e8       0x64 .pio/build/kvpac/libc12/STM32Ethernet_ID1787/EthernetServer.cpp.o
                0x080052e8                EthernetServer::available()
 .text.startup._GLOBAL__sub_I__ZN14EthernetServerC2Et
                0x0800534c       0x1c .pio/build/kvpac/libc12/STM32Ethernet_ID1787/EthernetServer.cpp.o
 .text.startup._GLOBAL__sub_I__ZN11EthernetUDPC2Ev
                0x08005368       0x1c .pio/build/kvpac/libc12/STM32Ethernet_ID1787/EthernetUdp.cpp.o
 .text._ZN13EthernetClass17macAddressDefaultEv
                0x08005384       0x38 .pio/build/kvpac/libc12/STM32Ethernet_ID1787/STM32Ethernet.cpp.o
                0x08005384                EthernetClass::macAddressDefault()
 .text._ZN13EthernetClass5beginE9IPAddressS0_S0_S0_
                0x080053bc       0x22 .pio/build/kvpac/libc12/STM32Ethernet_ID1787/STM32Ethernet.cpp.o
                0x080053bc                EthernetClass::begin(IPAddress, IPAddress, IPAddress, IPAddress)
 *fill*         0x080053de        0x2 
 .text._ZN13EthernetClass5beginE9IPAddressS0_S0_
                0x080053e0       0x3c .pio/build/kvpac/libc12/STM32Ethernet_ID1787/STM32Ethernet.cpp.o
                0x080053e0                EthernetClass::begin(IPAddress, IPAddress, IPAddress)
 .text._ZN13EthernetClass5beginE9IPAddressS0_
                0x0800541c       0x34 .pio/build/kvpac/libc12/STM32Ethernet_ID1787/STM32Ethernet.cpp.o
                0x0800541c                EthernetClass::begin(IPAddress, IPAddress)
 .text._ZN13EthernetClass5beginE9IPAddress
                0x08005450       0x38 .pio/build/kvpac/libc12/STM32Ethernet_ID1787/STM32Ethernet.cpp.o
                0x08005450                EthernetClass::begin(IPAddress)
 .text._ZN13EthernetClass7localIPEv
                0x08005488       0x14 .pio/build/kvpac/libc12/STM32Ethernet_ID1787/STM32Ethernet.cpp.o
                0x08005488                EthernetClass::localIP()
 .text._ZN13EthernetClass11dnsServerIPEv
                0x0800549c       0x10 .pio/build/kvpac/libc12/STM32Ethernet_ID1787/STM32Ethernet.cpp.o
                0x0800549c                EthernetClass::dnsServerIP()
 .text.startup._GLOBAL__sub_I__ZN13EthernetClass5beginEmm
                0x080054ac       0x24 .pio/build/kvpac/libc12/STM32Ethernet_ID1787/STM32Ethernet.cpp.o
 .text.core_debug
                0x080054d0       0x2c .pio/build/kvpac/libc12/STM32Ethernet_ID1787/utility/ethernetif.c.o
 .text.low_level_output
                0x080054fc       0xa0 .pio/build/kvpac/libc12/STM32Ethernet_ID1787/utility/ethernetif.c.o
 .text.HAL_ETH_MspInit
                0x0800559c       0xf4 .pio/build/kvpac/libc12/STM32Ethernet_ID1787/utility/ethernetif.c.o
                0x0800559c                HAL_ETH_MspInit
 .text.phy_dump
                0x08005690       0x38 .pio/build/kvpac/libc12/STM32Ethernet_ID1787/utility/ethernetif.c.o
                0x08005690                phy_dump
 .text.ethernetif_input
                0x080056c8       0xd8 .pio/build/kvpac/libc12/STM32Ethernet_ID1787/utility/ethernetif.c.o
                0x080056c8                ethernetif_input
 .text.ethernetif_init
                0x080057a0       0xc4 .pio/build/kvpac/libc12/STM32Ethernet_ID1787/utility/ethernetif.c.o
                0x080057a0                ethernetif_init
 .text.sys_now  0x08005864        0x4 .pio/build/kvpac/libc12/STM32Ethernet_ID1787/utility/ethernetif.c.o
                0x08005864                sys_now
 .text.ethernetif_set_link
                0x08005868       0x5c .pio/build/kvpac/libc12/STM32Ethernet_ID1787/utility/ethernetif.c.o
                0x08005868                ethernetif_set_link
 .text.ethernetif_update_config
                0x080058c4       0xa8 .pio/build/kvpac/libc12/STM32Ethernet_ID1787/utility/ethernetif.c.o
                0x080058c4                ethernetif_update_config
 .text.ethernetif_set_mac_addr
                0x0800596c       0x14 .pio/build/kvpac/libc12/STM32Ethernet_ID1787/utility/ethernetif.c.o
                0x0800596c                ethernetif_set_mac_addr
 .text.dns_callback
                0x08005980        0xc .pio/build/kvpac/libc12/STM32Ethernet_ID1787/utility/stm32_eth.c.o
                0x08005980                dns_callback
 .text.tcp_sent_callback
                0x0800598c       0x16 .pio/build/kvpac/libc12/STM32Ethernet_ID1787/utility/stm32_eth.c.o
 .text.tcp_err_callback
                0x080059a2        0xe .pio/build/kvpac/libc12/STM32Ethernet_ID1787/utility/stm32_eth.c.o
 .text.core_debug
                0x080059b0       0x2c .pio/build/kvpac/libc12/STM32Ethernet_ID1787/utility/stm32_eth.c.o
 .text.stm32_DHCP_process
                0x080059dc       0x78 .pio/build/kvpac/libc12/STM32Ethernet_ID1787/utility/stm32_eth.c.o
                0x080059dc                stm32_DHCP_process
 .text.stm32_DHCP_Periodic_Handle
                0x08005a54       0x2c .pio/build/kvpac/libc12/STM32Ethernet_ID1787/utility/stm32_eth.c.o
                0x08005a54                stm32_DHCP_Periodic_Handle
 .text.stm32_eth_scheduler
                0x08005a80       0x3c .pio/build/kvpac/libc12/STM32Ethernet_ID1787/utility/stm32_eth.c.o
                0x08005a80                stm32_eth_scheduler
 .text.stm32_DHCP_manual_config
                0x08005abc        0xc .pio/build/kvpac/libc12/STM32Ethernet_ID1787/utility/stm32_eth.c.o
                0x08005abc                stm32_DHCP_manual_config
 .text.stm32_eth_get_ipaddr
                0x08005ac8        0xc .pio/build/kvpac/libc12/STM32Ethernet_ID1787/utility/stm32_eth.c.o
                0x08005ac8                stm32_eth_get_ipaddr
 .text.ethernetif_notify_conn_changed
                0x08005ad4       0x54 .pio/build/kvpac/libc12/STM32Ethernet_ID1787/utility/stm32_eth.c.o
                0x08005ad4                ethernetif_notify_conn_changed
 .text.User_notification
                0x08005b28       0x20 .pio/build/kvpac/libc12/STM32Ethernet_ID1787/utility/stm32_eth.c.o
                0x08005b28                User_notification
 .text.stm32_eth_init
                0x08005b48       0xb0 .pio/build/kvpac/libc12/STM32Ethernet_ID1787/utility/stm32_eth.c.o
                0x08005b48                stm32_eth_init
 .text.stm32_dns_init
                0x08005bf8       0x24 .pio/build/kvpac/libc12/STM32Ethernet_ID1787/utility/stm32_eth.c.o
                0x08005bf8                stm32_dns_init
 .text.stm32_dns_gethostbyname
                0x08005c1c       0x50 .pio/build/kvpac/libc12/STM32Ethernet_ID1787/utility/stm32_eth.c.o
                0x08005c1c                stm32_dns_gethostbyname
 .text.u8_to_ip_addr
                0x08005c6c        0x8 .pio/build/kvpac/libc12/STM32Ethernet_ID1787/utility/stm32_eth.c.o
                0x08005c6c                u8_to_ip_addr
 .text.stm32_free_data
                0x08005c74       0x14 .pio/build/kvpac/libc12/STM32Ethernet_ID1787/utility/stm32_eth.c.o
                0x08005c74                stm32_free_data
 .text.stm32_get_data
                0x08005c88       0xaa .pio/build/kvpac/libc12/STM32Ethernet_ID1787/utility/stm32_eth.c.o
                0x08005c88                stm32_get_data
 .text.tcp_connection_close
                0x08005d32       0x3e .pio/build/kvpac/libc12/STM32Ethernet_ID1787/utility/stm32_eth.c.o
                0x08005d32                tcp_connection_close
 .text.tcp_connected_callback
                0x08005d70       0x54 .pio/build/kvpac/libc12/STM32Ethernet_ID1787/utility/stm32_eth.c.o
                0x08005d70                tcp_connected_callback
 .text.tcp_recv_callback
                0x08005dc4       0x50 .pio/build/kvpac/libc12/STM32Ethernet_ID1787/utility/stm32_eth.c.o
 .text.tcp_accept_callback
                0x08005e14       0x8c .pio/build/kvpac/libc12/STM32Ethernet_ID1787/utility/stm32_eth.c.o
                0x08005e14                tcp_accept_callback
 .text.startup._GLOBAL__sub_I_ip
                0x08005ea0       0x4c .pio/build/kvpac/src/WebServer.cpp.o
 .text._Z11httpd_setupv
                0x08005eec       0x6c .pio/build/kvpac/src/WebServer.cpp.o
                0x08005eec                httpd_setup()
 .text._Z10httpd_loopv
                0x08005f58      0x134 .pio/build/kvpac/src/WebServer.cpp.o
                0x08005f58                httpd_loop()
 .text.core_debug.constprop.0
                0x0800608c       0x30 .pio/build/kvpac/src/main.cpp.o
 .text.GetRand  0x080060bc       0x1e .pio/build/kvpac/src/main.cpp.o
                0x080060bc                GetRand
 *fill*         0x080060da        0x2 
 .text._Z5setupv
                0x080060dc       0x40 .pio/build/kvpac/src/main.cpp.o
                0x080060dc                setup()
 .text._Z4loopv
                0x0800611c       0x2c .pio/build/kvpac/src/main.cpp.o
                0x0800611c                loop()
 .text.dns_call_found
                0x08006148       0x9c .pio\build\kvpac\lib3a0\libSTM32duino LwIP.a(dns.c.o)
 .text.dns_send
                0x080061e4      0x12c .pio\build\kvpac\lib3a0\libSTM32duino LwIP.a(dns.c.o)
 .text.dns_check_entry
                0x08006310       0xb8 .pio\build\kvpac\lib3a0\libSTM32duino LwIP.a(dns.c.o)
 .text.dns_recv
                0x080063c8      0x288 .pio\build\kvpac\lib3a0\libSTM32duino LwIP.a(dns.c.o)
 .text.dns_init
                0x08006650        0x2 .pio\build\kvpac\lib3a0\libSTM32duino LwIP.a(dns.c.o)
                0x08006650                dns_init
 *fill*         0x08006652        0x2 
 .text.dns_setserver
                0x08006654       0x20 .pio\build\kvpac\lib3a0\libSTM32duino LwIP.a(dns.c.o)
                0x08006654                dns_setserver
 .text.dns_tmr  0x08006674       0x1e .pio\build\kvpac\lib3a0\libSTM32duino LwIP.a(dns.c.o)
                0x08006674                dns_tmr
 *fill*         0x08006692        0x2 
 .text.dns_gethostbyname_addrtype
                0x08006694      0x278 .pio\build\kvpac\lib3a0\libSTM32duino LwIP.a(dns.c.o)
                0x08006694                dns_gethostbyname_addrtype
 .text.dns_gethostbyname
                0x0800690c        0xe .pio\build\kvpac\lib3a0\libSTM32duino LwIP.a(dns.c.o)
                0x0800690c                dns_gethostbyname
 .text.lwip_init
                0x0800691a       0x26 .pio\build\kvpac\lib3a0\libSTM32duino LwIP.a(init.c.o)
                0x0800691a                lwip_init
 .text.dhcp_set_state
                0x08006940       0x10 .pio\build\kvpac\lib3a0\libSTM32duino LwIP.a(dhcp.c.o)
 .text.dhcp_option
                0x08006950       0x1c .pio\build\kvpac\lib3a0\libSTM32duino LwIP.a(dhcp.c.o)
 .text.dhcp_option_short
                0x0800696c       0x1e .pio\build\kvpac\lib3a0\libSTM32duino LwIP.a(dhcp.c.o)
 .text.dhcp_option_long
                0x0800698a       0x36 .pio\build\kvpac\lib3a0\libSTM32duino LwIP.a(dhcp.c.o)
 .text.dhcp_option_trailer
                0x080069c0       0x2a .pio\build\kvpac\lib3a0\libSTM32duino LwIP.a(dhcp.c.o)
 *fill*         0x080069ea        0x2 
 .text.dhcp_create_msg
                0x080069ec      0x148 .pio\build\kvpac\lib3a0\libSTM32duino LwIP.a(dhcp.c.o)
 .text.dhcp_delete_msg
                0x08006b34       0x16 .pio\build\kvpac\lib3a0\libSTM32duino LwIP.a(dhcp.c.o)
 .text.dhcp_check
                0x08006b4a       0x2a .pio\build\kvpac\lib3a0\libSTM32duino LwIP.a(dhcp.c.o)
 .text.dhcp_bind
                0x08006b74       0xda .pio\build\kvpac\lib3a0\libSTM32duino LwIP.a(dhcp.c.o)
 *fill*         0x08006c4e        0x2 
 .text.dhcp_inc_pcb_refcount
                0x08006c50       0x58 .pio\build\kvpac\lib3a0\libSTM32duino LwIP.a(dhcp.c.o)
 .text.dhcp_dec_pcb_refcount
                0x08006ca8       0x24 .pio\build\kvpac\lib3a0\libSTM32duino LwIP.a(dhcp.c.o)
 .text.unlikely.dhcp_handle_ack.isra.2
                0x08006ccc       0xa0 .pio\build\kvpac\lib3a0\libSTM32duino LwIP.a(dhcp.c.o)
 .text.dhcp_discover
                0x08006d6c       0xd8 .pio\build\kvpac\lib3a0\libSTM32duino LwIP.a(dhcp.c.o)
 .text.dhcp_reboot
                0x08006e44       0xe8 .pio\build\kvpac\lib3a0\libSTM32duino LwIP.a(dhcp.c.o)
 .text.dhcp_select
                0x08006f2c      0x100 .pio\build\kvpac\lib3a0\libSTM32duino LwIP.a(dhcp.c.o)
 .text.dhcp_recv
                0x0800702c      0x388 .pio\build\kvpac\lib3a0\libSTM32duino LwIP.a(dhcp.c.o)
 .text.dhcp_inform
                0x080073b4       0x7c .pio\build\kvpac\lib3a0\libSTM32duino LwIP.a(dhcp.c.o)
                0x080073b4                dhcp_inform
 .text.dhcp_network_changed
                0x08007430       0x2c .pio\build\kvpac\lib3a0\libSTM32duino LwIP.a(dhcp.c.o)
                0x08007430                dhcp_network_changed
 .text.dhcp_arp_reply
                0x0800745c       0x90 .pio\build\kvpac\lib3a0\libSTM32duino LwIP.a(dhcp.c.o)
                0x0800745c                dhcp_arp_reply
 .text.dhcp_renew
                0x080074ec       0xd0 .pio\build\kvpac\lib3a0\libSTM32duino LwIP.a(dhcp.c.o)
                0x080074ec                dhcp_renew
 .text.dhcp_stop
                0x080075bc       0x1e .pio\build\kvpac\lib3a0\libSTM32duino LwIP.a(dhcp.c.o)
                0x080075bc                dhcp_stop
 .text.dhcp_start
                0x080075da       0x68 .pio\build\kvpac\lib3a0\libSTM32duino LwIP.a(dhcp.c.o)
                0x080075da                dhcp_start
 .text.dhcp_supplied_address
                0x08007642       0x1a .pio\build\kvpac\lib3a0\libSTM32duino LwIP.a(dhcp.c.o)
                0x08007642                dhcp_supplied_address
 .text.dhcp_release
                0x0800765c       0xa4 .pio\build\kvpac\lib3a0\libSTM32duino LwIP.a(dhcp.c.o)
                0x0800765c                dhcp_release
 .text.dhcp_coarse_tmr
                0x08007700      0x16c .pio\build\kvpac\lib3a0\libSTM32duino LwIP.a(dhcp.c.o)
                0x08007700                dhcp_coarse_tmr
 .text.dhcp_fine_tmr
                0x0800786c       0x7c .pio\build\kvpac\lib3a0\libSTM32duino LwIP.a(dhcp.c.o)
                0x0800786c                dhcp_fine_tmr
 .text.etharp_free_entry
                0x080078e8       0x3c .pio\build\kvpac\lib3a0\libSTM32duino LwIP.a(etharp.c.o)
 .text.etharp_find_entry.isra.0
                0x08007924       0xd0 .pio\build\kvpac\lib3a0\libSTM32duino LwIP.a(etharp.c.o)
 .text.etharp_raw.constprop.1
                0x080079f4       0x98 .pio\build\kvpac\lib3a0\libSTM32duino LwIP.a(etharp.c.o)
 .text.etharp_cleanup_netif
                0x08007a8c       0x2c .pio\build\kvpac\lib3a0\libSTM32duino LwIP.a(etharp.c.o)
                0x08007a8c                etharp_cleanup_netif
 .text.etharp_input
                0x08007ab8      0x150 .pio\build\kvpac\lib3a0\libSTM32duino LwIP.a(etharp.c.o)
                0x08007ab8                etharp_input
 .text.etharp_request
                0x08007c08       0x20 .pio\build\kvpac\lib3a0\libSTM32duino LwIP.a(etharp.c.o)
                0x08007c08                etharp_request
 .text.etharp_tmr
                0x08007c28       0x60 .pio\build\kvpac\lib3a0\libSTM32duino LwIP.a(etharp.c.o)
                0x08007c28                etharp_tmr
 .text.etharp_output_to_arp_index
                0x08007c88       0x70 .pio\build\kvpac\lib3a0\libSTM32duino LwIP.a(etharp.c.o)
 .text.etharp_query
                0x08007cf8      0x10c .pio\build\kvpac\lib3a0\libSTM32duino LwIP.a(etharp.c.o)
                0x08007cf8                etharp_query
 .text.etharp_output
                0x08007e04       0xf0 .pio\build\kvpac\lib3a0\libSTM32duino LwIP.a(etharp.c.o)
                0x08007e04                etharp_output
 .text.ip4_addr_isbroadcast_u32
                0x08007ef4       0x32 .pio\build\kvpac\lib3a0\libSTM32duino LwIP.a(ip4_addr.c.o)
                0x08007ef4                ip4_addr_isbroadcast_u32
 .text.ip4addr_aton
                0x08007f26      0x116 .pio\build\kvpac\lib3a0\libSTM32duino LwIP.a(ip4_addr.c.o)
                0x08007f26                ip4addr_aton
 .text.mem_init
                0x0800803c       0x4c .pio\build\kvpac\lib3a0\libSTM32duino LwIP.a(mem.c.o)
                0x0800803c                mem_init
 .text.mem_free
                0x08008088       0xac .pio\build\kvpac\lib3a0\libSTM32duino LwIP.a(mem.c.o)
                0x08008088                mem_free
 .text.mem_trim
                0x08008134       0xdc .pio\build\kvpac\lib3a0\libSTM32duino LwIP.a(mem.c.o)
                0x08008134                mem_trim
 .text.mem_malloc
                0x08008210      0x108 .pio\build\kvpac\lib3a0\libSTM32duino LwIP.a(mem.c.o)
                0x08008210                mem_malloc
 .text.do_memp_malloc_pool
                0x08008318       0x28 .pio\build\kvpac\lib3a0\libSTM32duino LwIP.a(memp.c.o)
 .text.memp_init_pool
                0x08008340       0x2e .pio\build\kvpac\lib3a0\libSTM32duino LwIP.a(memp.c.o)
                0x08008340                memp_init_pool
 *fill*         0x0800836e        0x2 
 .text.memp_init
                0x08008370       0x28 .pio\build\kvpac\lib3a0\libSTM32duino LwIP.a(memp.c.o)
                0x08008370                memp_init
 .text.memp_malloc
                0x08008398       0x18 .pio\build\kvpac\lib3a0\libSTM32duino LwIP.a(memp.c.o)
                0x08008398                memp_malloc
 .text.memp_free
                0x080083b0       0x24 .pio\build\kvpac\lib3a0\libSTM32duino LwIP.a(memp.c.o)
                0x080083b0                memp_free
 .text.netif_issue_reports.part.0
                0x080083d4       0x12 .pio\build\kvpac\lib3a0\libSTM32duino LwIP.a(netif.c.o)
 .text.netif_init
                0x080083e6        0x2 .pio\build\kvpac\lib3a0\libSTM32duino LwIP.a(netif.c.o)
                0x080083e6                netif_init
 .text.netif_set_ipaddr
                0x080083e8       0x50 .pio\build\kvpac\lib3a0\libSTM32duino LwIP.a(netif.c.o)
                0x080083e8                netif_set_ipaddr
 .text.netif_set_addr
                0x08008438       0x38 .pio\build\kvpac\lib3a0\libSTM32duino LwIP.a(netif.c.o)
                0x08008438                netif_set_addr
 .text.netif_add
                0x08008470       0x58 .pio\build\kvpac\lib3a0\libSTM32duino LwIP.a(netif.c.o)
                0x08008470                netif_add
 .text.netif_set_default
                0x080084c8        0xc .pio\build\kvpac\lib3a0\libSTM32duino LwIP.a(netif.c.o)
                0x080084c8                netif_set_default
 .text.netif_set_up
                0x080084d4       0x32 .pio\build\kvpac\lib3a0\libSTM32duino LwIP.a(netif.c.o)
                0x080084d4                netif_set_up
 .text.netif_set_down
                0x08008506       0x2a .pio\build\kvpac\lib3a0\libSTM32duino LwIP.a(netif.c.o)
                0x08008506                netif_set_down
 .text.netif_set_link_up
                0x08008530       0x38 .pio\build\kvpac\lib3a0\libSTM32duino LwIP.a(netif.c.o)
                0x08008530                netif_set_link_up
 .text.netif_set_link_down
                0x08008568       0x18 .pio\build\kvpac\lib3a0\libSTM32duino LwIP.a(netif.c.o)
                0x08008568                netif_set_link_down
 .text.netif_set_link_callback
                0x08008580        0x6 .pio\build\kvpac\lib3a0\libSTM32duino LwIP.a(netif.c.o)
                0x08008580                netif_set_link_callback
 .text.pbuf_skip_const
                0x08008586       0x16 .pio\build\kvpac\lib3a0\libSTM32duino LwIP.a(pbuf.c.o)
 .text.pbuf_header_impl.part.0
                0x0800859c       0x5a .pio\build\kvpac\lib3a0\libSTM32duino LwIP.a(pbuf.c.o)
 *fill*         0x080085f6        0x2 
 .text.pbuf_free_ooseq
                0x080085f8       0x28 .pio\build\kvpac\lib3a0\libSTM32duino LwIP.a(pbuf.c.o)
                0x080085f8                pbuf_free_ooseq
 .text.pbuf_alloced_custom
                0x08008620       0x56 .pio\build\kvpac\lib3a0\libSTM32duino LwIP.a(pbuf.c.o)
                0x08008620                pbuf_alloced_custom
 .text.pbuf_header
                0x08008676        0xe .pio\build\kvpac\lib3a0\libSTM32duino LwIP.a(pbuf.c.o)
                0x08008676                pbuf_header
 .text.pbuf_free
                0x08008684       0x50 .pio\build\kvpac\lib3a0\libSTM32duino LwIP.a(pbuf.c.o)
                0x08008684                pbuf_free
 .text.pbuf_alloc
                0x080086d4      0x118 .pio\build\kvpac\lib3a0\libSTM32duino LwIP.a(pbuf.c.o)
                0x080086d4                pbuf_alloc
 .text.pbuf_realloc
                0x080087ec       0x52 .pio\build\kvpac\lib3a0\libSTM32duino LwIP.a(pbuf.c.o)
                0x080087ec                pbuf_realloc
 .text.pbuf_clen
                0x0800883e       0x10 .pio\build\kvpac\lib3a0\libSTM32duino LwIP.a(pbuf.c.o)
                0x0800883e                pbuf_clen
 .text.pbuf_ref
                0x0800884e        0xa .pio\build\kvpac\lib3a0\libSTM32duino LwIP.a(pbuf.c.o)
                0x0800884e                pbuf_ref
 .text.pbuf_cat
                0x08008858       0x1e .pio\build\kvpac\lib3a0\libSTM32duino LwIP.a(pbuf.c.o)
                0x08008858                pbuf_cat
 .text.pbuf_chain
                0x08008876       0x10 .pio\build\kvpac\lib3a0\libSTM32duino LwIP.a(pbuf.c.o)
                0x08008876                pbuf_chain
 .text.pbuf_copy
                0x08008886       0x94 .pio\build\kvpac\lib3a0\libSTM32duino LwIP.a(pbuf.c.o)
                0x08008886                pbuf_copy
 .text.pbuf_copy_partial
                0x0800891a       0x5c .pio\build\kvpac\lib3a0\libSTM32duino LwIP.a(pbuf.c.o)
                0x0800891a                pbuf_copy_partial
 .text.pbuf_take
                0x08008976       0x4a .pio\build\kvpac\lib3a0\libSTM32duino LwIP.a(pbuf.c.o)
                0x08008976                pbuf_take
 .text.pbuf_take_at
                0x080089c0       0x5e .pio\build\kvpac\lib3a0\libSTM32duino LwIP.a(pbuf.c.o)
                0x080089c0                pbuf_take_at
 .text.pbuf_try_get_at
                0x08008a1e       0x26 .pio\build\kvpac\lib3a0\libSTM32duino LwIP.a(pbuf.c.o)
                0x08008a1e                pbuf_try_get_at
 .text.pbuf_get_at
                0x08008a44        0xe .pio\build\kvpac\lib3a0\libSTM32duino LwIP.a(pbuf.c.o)
                0x08008a44                pbuf_get_at
 .text.pbuf_put_at
                0x08008a52       0x20 .pio\build\kvpac\lib3a0\libSTM32duino LwIP.a(pbuf.c.o)
                0x08008a52                pbuf_put_at
 *fill*         0x08008a72        0x2 
 .text.stats_init
                0x08008a74       0x14 .pio\build\kvpac\lib3a0\libSTM32duino LwIP.a(stats.c.o)
                0x08008a74                stats_init
 .text.tcp_new_port
                0x08008a88       0x54 .pio\build\kvpac\lib3a0\libSTM32duino LwIP.a(tcp.c.o)
 .text.tcp_init
                0x08008adc        0x2 .pio\build\kvpac\lib3a0\libSTM32duino LwIP.a(tcp.c.o)
                0x08008adc                tcp_init
 *fill*         0x08008ade        0x2 
 .text.tcp_bind
                0x08008ae0       0x78 .pio\build\kvpac\lib3a0\libSTM32duino LwIP.a(tcp.c.o)
                0x08008ae0                tcp_bind
 .text.tcp_listen_with_backlog
                0x08008b58       0x84 .pio\build\kvpac\lib3a0\libSTM32duino LwIP.a(tcp.c.o)
                0x08008b58                tcp_listen_with_backlog
 .text.tcp_update_rcv_ann_wnd
                0x08008bdc       0x34 .pio\build\kvpac\lib3a0\libSTM32duino LwIP.a(tcp.c.o)
                0x08008bdc                tcp_update_rcv_ann_wnd
 .text.tcp_recved
                0x08008c10       0x48 .pio\build\kvpac\lib3a0\libSTM32duino LwIP.a(tcp.c.o)
                0x08008c10                tcp_recved
 .text.tcp_seg_free
                0x08008c58       0x1c .pio\build\kvpac\lib3a0\libSTM32duino LwIP.a(tcp.c.o)
                0x08008c58                tcp_seg_free
 .text.tcp_segs_free
                0x08008c74       0x10 .pio\build\kvpac\lib3a0\libSTM32duino LwIP.a(tcp.c.o)
                0x08008c74                tcp_segs_free
 .text.tcp_setprio
                0x08008c84        0x4 .pio\build\kvpac\lib3a0\libSTM32duino LwIP.a(tcp.c.o)
                0x08008c84                tcp_setprio
 .text.tcp_seg_copy
                0x08008c88       0x2c .pio\build\kvpac\lib3a0\libSTM32duino LwIP.a(tcp.c.o)
                0x08008c88                tcp_seg_copy
 .text.tcp_arg  0x08008cb4        0x6 .pio\build\kvpac\lib3a0\libSTM32duino LwIP.a(tcp.c.o)
                0x08008cb4                tcp_arg
 .text.tcp_recv
                0x08008cba        0x8 .pio\build\kvpac\lib3a0\libSTM32duino LwIP.a(tcp.c.o)
                0x08008cba                tcp_recv
 .text.tcp_sent
                0x08008cc2        0x6 .pio\build\kvpac\lib3a0\libSTM32duino LwIP.a(tcp.c.o)
                0x08008cc2                tcp_sent
 .text.tcp_err  0x08008cc8        0x8 .pio\build\kvpac\lib3a0\libSTM32duino LwIP.a(tcp.c.o)
                0x08008cc8                tcp_err
 .text.tcp_accept
                0x08008cd0        0xc .pio\build\kvpac\lib3a0\libSTM32duino LwIP.a(tcp.c.o)
                0x08008cd0                tcp_accept
 .text.tcp_poll
                0x08008cdc        0x8 .pio\build\kvpac\lib3a0\libSTM32duino LwIP.a(tcp.c.o)
                0x08008cdc                tcp_poll
 .text.tcp_pcb_purge
                0x08008ce4       0x40 .pio\build\kvpac\lib3a0\libSTM32duino LwIP.a(tcp.c.o)
                0x08008ce4                tcp_pcb_purge
 .text.tcp_slowtmr
                0x08008d24      0x2f8 .pio\build\kvpac\lib3a0\libSTM32duino LwIP.a(tcp.c.o)
                0x08008d24                tcp_slowtmr
 .text.tcp_pcb_remove
                0x0800901c       0x4e .pio\build\kvpac\lib3a0\libSTM32duino LwIP.a(tcp.c.o)
                0x0800901c                tcp_pcb_remove
 *fill*         0x0800906a        0x2 
 .text.tcp_close_shutdown
                0x0800906c      0x164 .pio\build\kvpac\lib3a0\libSTM32duino LwIP.a(tcp.c.o)
 .text.tcp_close
                0x080091d0       0x14 .pio\build\kvpac\lib3a0\libSTM32duino LwIP.a(tcp.c.o)
                0x080091d0                tcp_close
 .text.tcp_recv_null
                0x080091e4       0x24 .pio\build\kvpac\lib3a0\libSTM32duino LwIP.a(tcp.c.o)
                0x080091e4                tcp_recv_null
 .text.tcp_process_refused_data
                0x08009208       0x66 .pio\build\kvpac\lib3a0\libSTM32duino LwIP.a(tcp.c.o)
                0x08009208                tcp_process_refused_data
 *fill*         0x0800926e        0x2 
 .text.tcp_fasttmr
                0x08009270       0x70 .pio\build\kvpac\lib3a0\libSTM32duino LwIP.a(tcp.c.o)
                0x08009270                tcp_fasttmr
 .text.tcp_tmr  0x080092e0       0x24 .pio\build\kvpac\lib3a0\libSTM32duino LwIP.a(tcp.c.o)
                0x080092e0                tcp_tmr
 .text.tcp_abandon
                0x08009304       0xcc .pio\build\kvpac\lib3a0\libSTM32duino LwIP.a(tcp.c.o)
                0x08009304                tcp_abandon
 .text.tcp_abort
                0x080093d0        0x6 .pio\build\kvpac\lib3a0\libSTM32duino LwIP.a(tcp.c.o)
                0x080093d0                tcp_abort
 .text.tcp_accept_null
                0x080093d6        0xe .pio\build\kvpac\lib3a0\libSTM32duino LwIP.a(tcp.c.o)
 .text.tcp_netif_ip_addr_changed_pcblist
                0x080093e4       0x1c .pio\build\kvpac\lib3a0\libSTM32duino LwIP.a(tcp.c.o)
 .text.tcp_kill_state
                0x08009400       0x3c .pio\build\kvpac\lib3a0\libSTM32duino LwIP.a(tcp.c.o)
 .text.tcp_next_iss
                0x0800943c       0x18 .pio\build\kvpac\lib3a0\libSTM32duino LwIP.a(tcp.c.o)
                0x0800943c                tcp_next_iss
 .text.tcp_alloc
                0x08009454      0x150 .pio\build\kvpac\lib3a0\libSTM32duino LwIP.a(tcp.c.o)
                0x08009454                tcp_alloc
 .text.tcp_new  0x080095a4        0x6 .pio\build\kvpac\lib3a0\libSTM32duino LwIP.a(tcp.c.o)
                0x080095a4                tcp_new
 .text.tcp_eff_send_mss_impl
                0x080095aa       0x1e .pio\build\kvpac\lib3a0\libSTM32duino LwIP.a(tcp.c.o)
                0x080095aa                tcp_eff_send_mss_impl
 .text.tcp_connect
                0x080095c8       0xe8 .pio\build\kvpac\lib3a0\libSTM32duino LwIP.a(tcp.c.o)
                0x080095c8                tcp_connect
 .text.tcp_netif_ip_addr_changed